2026-04-29T09:11:20.484+01:00  INFO 8096 --- [greeting] [restartedMain] com.fsb.greeting.GreetingApplication     : Starting GreetingApplication using Java 17.0.10 with PID 8096 (E:\FSB\Mes matières\s2\Spring Boot GLSI2\2025-2026\ws-2026\greeting\target\classes started by adem in E:\FSB\Mes matières\s2\Spring Boot GLSI2\2025-2026\ws-2026\greeting)
2026-04-29T09:11:20.496+01:00  INFO 8096 --- [greeting] [restartedMain] com.fsb.greeting.GreetingApplication     : No active profile set, falling back to 1 default profile: "default"
2026-04-29T09:11:20.650+01:00  INFO 8096 --- [greeting] [restartedMain] .e.DevToolsPropertyDefaultsPostProcessor : Devtools property defaults active! Set 'spring.devtools.add-properties' to 'false' to disable
2026-04-29T09:11:20.666+01:00  INFO 8096 --- [greeting] [restartedMain] .e.DevToolsPropertyDefaultsPostProcessor : For additional web related logging consider setting the 'logging.level.web' property to 'DEBUG'
2026-04-29T09:11:22.593+01:00  INFO 8096 --- [greeting] [restartedMain] .s.d.r.c.RepositoryConfigurationDelegate : Bootstrapping Spring Data JPA repositories in DEFAULT mode.
2026-04-29T09:11:22.796+01:00  INFO 8096 --- [greeting] [restartedMain] .s.d.r.c.RepositoryConfigurationDelegate : Finished Spring Data repository scanning in 148 ms. Found 1 JPA repository interface.
2026-04-29T09:11:24.262+01:00  INFO 8096 --- [greeting] [restartedMain] o.s.b.w.embedded.tomcat.TomcatWebServer  : Tomcat initialized with port 8080 (http)
2026-04-29T09:11:24.289+01:00  INFO 8096 --- [greeting] [restartedMain] o.apache.catalina.core.StandardService   : Starting service [Tomcat]
2026-04-29T09:11:24.289+01:00  INFO 8096 --- [greeting] [restartedMain] o.apache.catalina.core.StandardEngine    : Starting Servlet engine: [Apache Tomcat/10.1.50]
2026-04-29T09:11:24.393+01:00  INFO 8096 --- [greeting] [restartedMain] o.a.c.c.C.[Tomcat].[localhost].[/]       : Initializing Spring embedded WebApplicationContext
2026-04-29T09:11:24.395+01:00  INFO 8096 --- [greeting] [restartedMain] w.s.c.ServletWebServerApplicationContext : Root WebApplicationContext: initialization completed in 3704 ms
2026-04-29T09:11:24.930+01:00  INFO 8096 --- [greeting] [restartedMain] o.hibernate.jpa.internal.util.LogHelper  : HHH000204: Processing PersistenceUnitInfo [name: default]
2026-04-29T09:11:25.085+01:00  INFO 8096 --- [greeting] [restartedMain] org.hibernate.Version                    : HHH000412: Hibernate ORM core version 6.6.41.Final
2026-04-29T09:11:25.149+01:00  INFO 8096 --- [greeting] [restartedMain] o.h.c.internal.RegionFactoryInitiator    : HHH000026: Second-level cache disabled
2026-04-29T09:11:25.805+01:00  INFO 8096 --- [greeting] [restartedMain] o.s.o.j.p.SpringPersistenceUnitInfo      : No LoadTimeWeaver setup: ignoring JPA class transformer
2026-04-29T09:11:25.881+01:00  INFO 8096 --- [greeting] [restartedMain] com.zaxxer.hikari.HikariDataSource       : HikariPool-1 - Starting...
2026-04-29T09:11:26.676+01:00  INFO 8096 --- [greeting] [restartedMain] com.zaxxer.hikari.pool.HikariPool        : HikariPool-1 - Added connection com.mysql.cj.jdbc.ConnectionImpl@25965ac4
2026-04-29T09:11:26.685+01:00  INFO 8096 --- [greeting] [restartedMain] com.zaxxer.hikari.HikariDataSource       : HikariPool-1 - Start completed.
2026-04-29T09:11:26.897+01:00  INFO 8096 --- [greeting] [restartedMain] org.hibernate.orm.connections.pooling    : HHH10001005: Database info:
	Database JDBC URL [Connecting through datasource 'HikariDataSource (HikariPool-1)']
	Database driver: undefined/unknown
	Database version: 8.0.33
	Autocommit mode: undefined/unknown
	Isolation level: undefined/unknown
	Minimum pool size: undefined/unknown
	Maximum pool size: undefined/unknown
2026-04-29T09:11:28.318+01:00  INFO 8096 --- [greeting] [restartedMain] o.h.e.t.j.p.i.JtaPlatformInitiator       : HHH000489: No JTA platform available (set 'hibernate.transaction.jta.platform' to enable JTA platform integration)
2026-04-29T09:11:28.456+01:00  INFO 8096 --- [greeting] [restartedMain] j.LocalContainerEntityManagerFactoryBean : Initialized JPA EntityManagerFactory for persistence unit 'default'
2026-04-29T09:11:28.988+01:00  WARN 8096 --- [greeting] [restartedMain] ConfigServletWebServerApplicationContext : Exception encountered during context initialization - cancelling refresh attempt: org.springframework.beans.factory.UnsatisfiedDependencyException: Error creating bean with name 'personsController' defined in file [E:\FSB\Mes matières\s2\Spring Boot GLSI2\2025-2026\ws-2026\greeting\target\classes\com\fsb\greeting\web\controllers\PersonsController.class]: Unsatisfied dependency expressed through constructor parameter 0: No qualifying bean of type 'com.fsb.greeting.business.services.PersonService' available: expected single matching bean but found 2: personServiceImpl,personServiceImplV2
2026-04-29T09:11:28.999+01:00  INFO 8096 --- [greeting] [restartedMain] j.LocalContainerEntityManagerFactoryBean : Closing JPA EntityManagerFactory for persistence unit 'default'
2026-04-29T09:11:29.007+01:00  INFO 8096 --- [greeting] [restartedMain] com.zaxxer.hikari.HikariDataSource       : HikariPool-1 - Shutdown initiated...
2026-04-29T09:11:29.043+01:00  INFO 8096 --- [greeting] [restartedMain] com.zaxxer.hikari.HikariDataSource       : HikariPool-1 - Shutdown completed.
2026-04-29T09:11:29.058+01:00  INFO 8096 --- [greeting] [restartedMain] o.apache.catalina.core.StandardService   : Stopping service [Tomcat]
2026-04-29T09:11:29.094+01:00  INFO 8096 --- [greeting] [restartedMain] .s.b.a.l.ConditionEvaluationReportLogger : 

Error starting ApplicationContext. To display the condition evaluation report re-run your application with 'debug' enabled.
2026-04-29T09:11:29.138+01:00 ERROR 8096 --- [greeting] [restartedMain] o.s.b.d.LoggingFailureAnalysisReporter   : 

***************************
APPLICATION FAILED TO START
***************************

Description:

Parameter 0 of constructor in com.fsb.greeting.web.controllers.PersonsController required a single bean, but 2 were found:
	- personServiceImpl: defined in file [E:\FSB\Mes matières\s2\Spring Boot GLSI2\2025-2026\ws-2026\greeting\target\classes\com\fsb\greeting\business\servicesImpl\PersonServiceImpl.class]
	- personServiceImplV2: defined in file [E:\FSB\Mes matières\s2\Spring Boot GLSI2\2025-2026\ws-2026\greeting\target\classes\com\fsb\greeting\business\servicesImpl\PersonServiceImplV2.class]

This may be due to missing parameter name information

Action:

Consider marking one of the beans as @Primary, updating the consumer to accept multiple beans, or using @Qualifier to identify the bean that should be consumed

Ensure that your compiler is configured to use the '-parameters' flag.
You may need to update both your build tool settings as well as your IDE.
(See https://github.com/spring-projects/spring-framework/wiki/Spring-Framework-6.1-Release-Notes#parameter-name-retention)


2026-04-29T09:13:28.808+01:00  INFO 13472 --- [greeting] [restartedMain] com.fsb.greeting.GreetingApplication     : Starting GreetingApplication using Java 17.0.10 with PID 13472 (E:\FSB\Mes matières\s2\Spring Boot GLSI2\2025-2026\ws-2026\greeting\target\classes started by adem in E:\FSB\Mes matières\s2\Spring Boot GLSI2\2025-2026\ws-2026\greeting)
2026-04-29T09:13:28.825+01:00  INFO 13472 --- [greeting] [restartedMain] com.fsb.greeting.GreetingApplication     : No active profile set, falling back to 1 default profile: "default"
2026-04-29T09:13:29.058+01:00  INFO 13472 --- [greeting] [restartedMain] .e.DevToolsPropertyDefaultsPostProcessor : Devtools property defaults active! Set 'spring.devtools.add-properties' to 'false' to disable
2026-04-29T09:13:29.075+01:00  INFO 13472 --- [greeting] [restartedMain] .e.DevToolsPropertyDefaultsPostProcessor : For additional web related logging consider setting the 'logging.level.web' property to 'DEBUG'
2026-04-29T09:13:30.743+01:00  INFO 13472 --- [greeting] [restartedMain] .s.d.r.c.RepositoryConfigurationDelegate : Bootstrapping Spring Data JPA repositories in DEFAULT mode.
2026-04-29T09:13:30.889+01:00  INFO 13472 --- [greeting] [restartedMain] .s.d.r.c.RepositoryConfigurationDelegate : Finished Spring Data repository scanning in 127 ms. Found 1 JPA repository interface.
2026-04-29T09:13:31.981+01:00  INFO 13472 --- [greeting] [restartedMain] o.s.b.w.embedded.tomcat.TomcatWebServer  : Tomcat initialized with port 8080 (http)
2026-04-29T09:13:32.004+01:00  INFO 13472 --- [greeting] [restartedMain] o.apache.catalina.core.StandardService   : Starting service [Tomcat]
2026-04-29T09:13:32.006+01:00  INFO 13472 --- [greeting] [restartedMain] o.apache.catalina.core.StandardEngine    : Starting Servlet engine: [Apache Tomcat/10.1.50]
2026-04-29T09:13:32.102+01:00  INFO 13472 --- [greeting] [restartedMain] o.a.c.c.C.[Tomcat].[localhost].[/]       : Initializing Spring embedded WebApplicationContext
2026-04-29T09:13:32.104+01:00  INFO 13472 --- [greeting] [restartedMain] w.s.c.ServletWebServerApplicationContext : Root WebApplicationContext: initialization completed in 3023 ms
2026-04-29T09:13:32.399+01:00  INFO 13472 --- [greeting] [restartedMain] o.hibernate.jpa.internal.util.LogHelper  : HHH000204: Processing PersistenceUnitInfo [name: default]
2026-04-29T09:13:32.498+01:00  INFO 13472 --- [greeting] [restartedMain] org.hibernate.Version                    : HHH000412: Hibernate ORM core version 6.6.41.Final
2026-04-29T09:13:32.560+01:00  INFO 13472 --- [greeting] [restartedMain] o.h.c.internal.RegionFactoryInitiator    : HHH000026: Second-level cache disabled
2026-04-29T09:13:33.001+01:00  INFO 13472 --- [greeting] [restartedMain] o.s.o.j.p.SpringPersistenceUnitInfo      : No LoadTimeWeaver setup: ignoring JPA class transformer
2026-04-29T09:13:33.061+01:00  INFO 13472 --- [greeting] [restartedMain] com.zaxxer.hikari.HikariDataSource       : HikariPool-1 - Starting...
2026-04-29T09:13:34.156+01:00  INFO 13472 --- [greeting] [restartedMain] com.zaxxer.hikari.pool.HikariPool        : HikariPool-1 - Added connection com.mysql.cj.jdbc.ConnectionImpl@2a1f6101
2026-04-29T09:13:34.174+01:00  INFO 13472 --- [greeting] [restartedMain] com.zaxxer.hikari.HikariDataSource       : HikariPool-1 - Start completed.
2026-04-29T09:13:34.353+01:00  INFO 13472 --- [greeting] [restartedMain] org.hibernate.orm.connections.pooling    : HHH10001005: Database info:
	Database JDBC URL [Connecting through datasource 'HikariDataSource (HikariPool-1)']
	Database driver: undefined/unknown
	Database version: 8.0.33
	Autocommit mode: undefined/unknown
	Isolation level: undefined/unknown
	Minimum pool size: undefined/unknown
	Maximum pool size: undefined/unknown
2026-04-29T09:13:36.116+01:00  INFO 13472 --- [greeting] [restartedMain] o.h.e.t.j.p.i.JtaPlatformInitiator       : HHH000489: No JTA platform available (set 'hibernate.transaction.jta.platform' to enable JTA platform integration)
2026-04-29T09:13:36.256+01:00  INFO 13472 --- [greeting] [restartedMain] j.LocalContainerEntityManagerFactoryBean : Initialized JPA EntityManagerFactory for persistence unit 'default'
2026-04-29T09:13:36.872+01:00  WARN 13472 --- [greeting] [restartedMain] JpaBaseConfiguration$JpaWebConfiguration : spring.jpa.open-in-view is enabled by default. Therefore, database queries may be performed during view rendering. Explicitly configure spring.jpa.open-in-view to disable this warning
2026-04-29T09:13:39.569+01:00  INFO 13472 --- [greeting] [restartedMain] o.s.b.d.a.OptionalLiveReloadServer       : LiveReload server is running on port 35729
2026-04-29T09:13:39.654+01:00  INFO 13472 --- [greeting] [restartedMain] o.s.b.w.embedded.tomcat.TomcatWebServer  : Tomcat started on port 8080 (http) with context path '/'
2026-04-29T09:13:39.670+01:00  INFO 13472 --- [greeting] [restartedMain] com.fsb.greeting.GreetingApplication     : Started GreetingApplication in 11.873 seconds (process running for 12.503)
2026-04-29T09:13:49.367+01:00  INFO 13472 --- [greeting] [http-nio-8080-exec-1] o.a.c.c.C.[Tomcat].[localhost].[/]       : Initializing Spring DispatcherServlet 'dispatcherServlet'
2026-04-29T09:13:49.368+01:00  INFO 13472 --- [greeting] [http-nio-8080-exec-1] o.s.web.servlet.DispatcherServlet        : Initializing Servlet 'dispatcherServlet'
2026-04-29T09:13:49.371+01:00  INFO 13472 --- [greeting] [http-nio-8080-exec-1] o.s.web.servlet.DispatcherServlet        : Completed initialization in 2 ms
2026-04-29T09:13:49.525+01:00 ERROR 13472 --- [greeting] [http-nio-8080-exec-1] c.f.g.w.exceptions.ExceptionController   : Required request parameter 'age' for method parameter type int is not present
2026-04-29T09:13:49.532+01:00  WARN 13472 --- [greeting] [http-nio-8080-exec-1] .m.m.a.ExceptionHandlerExceptionResolver : Resolved [org.springframework.web.bind.MissingServletRequestParameterException: Required request parameter 'age' for method parameter type int is not present]
2026-04-29T09:14:09.518+01:00 ERROR 13472 --- [greeting] [http-nio-8080-exec-2] c.f.g.w.exceptions.ExceptionController   : Required request parameter 'age' for method parameter type int is not present
2026-04-29T09:14:09.520+01:00  WARN 13472 --- [greeting] [http-nio-8080-exec-2] .m.m.a.ExceptionHandlerExceptionResolver : Resolved [org.springframework.web.bind.MissingServletRequestParameterException: Required request parameter 'age' for method parameter type int is not present]
2026-04-29T09:14:17.276+01:00  WARN 13472 --- [greeting] [http-nio-8080-exec-3] actStandardFragmentInsertionTagProcessor : [THYMELEAF][http-nio-8080-exec-3][person-list] Deprecated unwrapped fragment expression "layout/default-layout::link" found in template person-list, line 8, col 9. Please use the complete syntax of fragment expressions instead ("~{layout/default-layout::link}"). The old, unwrapped syntax for fragment expressions will be removed in future versions of Thymeleaf.
2026-04-29T09:14:17.399+01:00  WARN 13472 --- [greeting] [http-nio-8080-exec-3] actStandardFragmentInsertionTagProcessor : [THYMELEAF][http-nio-8080-exec-3][person-list] Deprecated unwrapped fragment expression "layout/default-layout::body(title='People List')" found in template person-list, line 16, col 10. Please use the complete syntax of fragment expressions instead ("~{layout/default-layout::body(title='People List')}"). The old, unwrapped syntax for fragment expressions will be removed in future versions of Thymeleaf.
2026-04-29T09:14:17.611+01:00 ERROR 13472 --- [greeting] [http-nio-8080-exec-5] c.f.g.w.exceptions.ExceptionController   : No static resource images/men.jpg.
2026-04-29T09:14:17.614+01:00  WARN 13472 --- [greeting] [http-nio-8080-exec-5] .m.m.a.ExceptionHandlerExceptionResolver : Resolved [org.springframework.web.servlet.resource.NoResourceFoundException: No static resource images/men.jpg.]
2026-04-29T09:14:19.155+01:00 ERROR 13472 --- [greeting] [http-nio-8080-exec-9] c.f.g.w.exceptions.ExceptionController   : No static resource favicon.ico.
2026-04-29T09:14:19.156+01:00  WARN 13472 --- [greeting] [http-nio-8080-exec-9] .m.m.a.ExceptionHandlerExceptionResolver : Resolved [org.springframework.web.servlet.resource.NoResourceFoundException: No static resource favicon.ico.]
2026-04-29T09:14:45.394+01:00  WARN 13472 --- [greeting] [http-nio-8080-exec-1] actStandardFragmentInsertionTagProcessor : [THYMELEAF][http-nio-8080-exec-1][add-person] Deprecated unwrapped fragment expression "layout/default-layout::link" found in template add-person, line 8, col 10. Please use the complete syntax of fragment expressions instead ("~{layout/default-layout::link}"). The old, unwrapped syntax for fragment expressions will be removed in future versions of Thymeleaf.
2026-04-29T09:14:45.399+01:00  WARN 13472 --- [greeting] [http-nio-8080-exec-1] actStandardFragmentInsertionTagProcessor : [THYMELEAF][http-nio-8080-exec-1][add-person] Deprecated unwrapped fragment expression "layout/default-layout::body(title='Add person')" found in template add-person, line 14, col 7. Please use the complete syntax of fragment expressions instead ("~{layout/default-layout::body(title='Add person')}"). The old, unwrapped syntax for fragment expressions will be removed in future versions of Thymeleaf.
2026-04-29T09:14:45.833+01:00 ERROR 13472 --- [greeting] [http-nio-8080-exec-7] c.f.g.w.exceptions.ExceptionController   : No static resource favicon.ico.
2026-04-29T09:14:45.834+01:00  WARN 13472 --- [greeting] [http-nio-8080-exec-7] .m.m.a.ExceptionHandlerExceptionResolver : Resolved [org.springframework.web.servlet.resource.NoResourceFoundException: No static resource favicon.ico.]
2026-04-29T09:14:50.835+01:00  WARN 13472 --- [greeting] [http-nio-8080-exec-9] actStandardFragmentInsertionTagProcessor : [THYMELEAF][http-nio-8080-exec-9][person-list] Deprecated unwrapped fragment expression "layout/default-layout::link" found in template person-list, line 8, col 9. Please use the complete syntax of fragment expressions instead ("~{layout/default-layout::link}"). The old, unwrapped syntax for fragment expressions will be removed in future versions of Thymeleaf.
2026-04-29T09:14:50.838+01:00  WARN 13472 --- [greeting] [http-nio-8080-exec-9] actStandardFragmentInsertionTagProcessor : [THYMELEAF][http-nio-8080-exec-9][person-list] Deprecated unwrapped fragment expression "layout/default-layout::body(title='People List')" found in template person-list, line 16, col 10. Please use the complete syntax of fragment expressions instead ("~{layout/default-layout::body(title='People List')}"). The old, unwrapped syntax for fragment expressions will be removed in future versions of Thymeleaf.
2026-04-29T09:14:50.931+01:00 ERROR 13472 --- [greeting] [http-nio-8080-exec-3] c.f.g.w.exceptions.ExceptionController   : No static resource images/men.jpg.
2026-04-29T09:14:50.935+01:00  WARN 13472 --- [greeting] [http-nio-8080-exec-3] .m.m.a.ExceptionHandlerExceptionResolver : Resolved [org.springframework.web.servlet.resource.NoResourceFoundException: No static resource images/men.jpg.]
2026-04-29T09:14:51.190+01:00 ERROR 13472 --- [greeting] [http-nio-8080-exec-4] c.f.g.w.exceptions.ExceptionController   : No static resource favicon.ico.
2026-04-29T09:14:51.191+01:00  WARN 13472 --- [greeting] [http-nio-8080-exec-4] .m.m.a.ExceptionHandlerExceptionResolver : Resolved [org.springframework.web.servlet.resource.NoResourceFoundException: No static resource favicon.ico.]
2026-04-29T09:14:54.169+01:00  WARN 13472 --- [greeting] [http-nio-8080-exec-7] actStandardFragmentInsertionTagProcessor : [THYMELEAF][http-nio-8080-exec-7][person-list] Deprecated unwrapped fragment expression "layout/default-layout::link" found in template person-list, line 8, col 9. Please use the complete syntax of fragment expressions instead ("~{layout/default-layout::link}"). The old, unwrapped syntax for fragment expressions will be removed in future versions of Thymeleaf.
2026-04-29T09:14:54.173+01:00  WARN 13472 --- [greeting] [http-nio-8080-exec-7] actStandardFragmentInsertionTagProcessor : [THYMELEAF][http-nio-8080-exec-7][person-list] Deprecated unwrapped fragment expression "layout/default-layout::body(title='People List')" found in template person-list, line 16, col 10. Please use the complete syntax of fragment expressions instead ("~{layout/default-layout::body(title='People List')}"). The old, unwrapped syntax for fragment expressions will be removed in future versions of Thymeleaf.
2026-04-29T09:14:54.258+01:00 ERROR 13472 --- [greeting] [http-nio-8080-exec-9] c.f.g.w.exceptions.ExceptionController   : No static resource images/men.jpg.
2026-04-29T09:14:54.260+01:00  WARN 13472 --- [greeting] [http-nio-8080-exec-9] .m.m.a.ExceptionHandlerExceptionResolver : Resolved [org.springframework.web.servlet.resource.NoResourceFoundException: No static resource images/men.jpg.]
2026-04-29T09:14:54.523+01:00 ERROR 13472 --- [greeting] [http-nio-8080-exec-5] c.f.g.w.exceptions.ExceptionController   : No static resource favicon.ico.
2026-04-29T09:14:54.523+01:00  WARN 13472 --- [greeting] [http-nio-8080-exec-5] .m.m.a.ExceptionHandlerExceptionResolver : Resolved [org.springframework.web.servlet.resource.NoResourceFoundException: No static resource favicon.ico.]
2026-04-29T09:17:25.711+01:00  INFO 13472 --- [greeting] [File Watcher] rtingClassPathChangeChangedEventListener : Restarting due to 1 class path change (0 additions, 0 deletions, 1 modification)
2026-04-29T09:17:25.718+01:00  INFO 13472 --- [greeting] [Thread-5] o.s.b.w.e.tomcat.GracefulShutdown        : Commencing graceful shutdown. Waiting for active requests to complete
2026-04-29T09:17:26.079+01:00  INFO 13472 --- [greeting] [tomcat-shutdown] o.s.b.w.e.tomcat.GracefulShutdown        : Graceful shutdown complete
2026-04-29T09:17:26.083+01:00  INFO 13472 --- [greeting] [Thread-5] j.LocalContainerEntityManagerFactoryBean : Closing JPA EntityManagerFactory for persistence unit 'default'
2026-04-29T09:17:26.087+01:00  INFO 13472 --- [greeting] [Thread-5] com.zaxxer.hikari.HikariDataSource       : HikariPool-1 - Shutdown initiated...
2026-04-29T09:17:26.101+01:00  INFO 13472 --- [greeting] [Thread-5] com.zaxxer.hikari.HikariDataSource       : HikariPool-1 - Shutdown completed.
2026-04-29T09:17:26.277+01:00  INFO 13472 --- [greeting] [restartedMain] com.fsb.greeting.GreetingApplication     : Starting GreetingApplication using Java 17.0.10 with PID 13472 (E:\FSB\Mes matières\s2\Spring Boot GLSI2\2025-2026\ws-2026\greeting\target\classes started by adem in E:\FSB\Mes matières\s2\Spring Boot GLSI2\2025-2026\ws-2026\greeting)
2026-04-29T09:17:26.277+01:00  INFO 13472 --- [greeting] [restartedMain] com.fsb.greeting.GreetingApplication     : No active profile set, falling back to 1 default profile: "default"
2026-04-29T09:17:26.721+01:00  INFO 13472 --- [greeting] [restartedMain] .s.d.r.c.RepositoryConfigurationDelegate : Bootstrapping Spring Data JPA repositories in DEFAULT mode.
2026-04-29T09:17:26.765+01:00  INFO 13472 --- [greeting] [restartedMain] .s.d.r.c.RepositoryConfigurationDelegate : Finished Spring Data repository scanning in 34 ms. Found 1 JPA repository interface.
2026-04-29T09:17:28.018+01:00  INFO 13472 --- [greeting] [restartedMain] o.s.b.w.embedded.tomcat.TomcatWebServer  : Tomcat initialized with port 8080 (http)
2026-04-29T09:17:28.025+01:00  INFO 13472 --- [greeting] [restartedMain] o.apache.catalina.core.StandardService   : Starting service [Tomcat]
2026-04-29T09:17:28.034+01:00  INFO 13472 --- [greeting] [restartedMain] o.apache.catalina.core.StandardEngine    : Starting Servlet engine: [Apache Tomcat/10.1.50]
2026-04-29T09:17:28.132+01:00  INFO 13472 --- [greeting] [restartedMain] o.a.c.c.C.[Tomcat].[localhost].[/]       : Initializing Spring embedded WebApplicationContext
2026-04-29T09:17:28.135+01:00  INFO 13472 --- [greeting] [restartedMain] w.s.c.ServletWebServerApplicationContext : Root WebApplicationContext: initialization completed in 1852 ms
2026-04-29T09:17:28.297+01:00  INFO 13472 --- [greeting] [restartedMain] o.hibernate.jpa.internal.util.LogHelper  : HHH000204: Processing PersistenceUnitInfo [name: default]
2026-04-29T09:17:28.321+01:00  INFO 13472 --- [greeting] [restartedMain] o.h.c.internal.RegionFactoryInitiator    : HHH000026: Second-level cache disabled
2026-04-29T09:17:28.388+01:00  INFO 13472 --- [greeting] [restartedMain] o.s.o.j.p.SpringPersistenceUnitInfo      : No LoadTimeWeaver setup: ignoring JPA class transformer
2026-04-29T09:17:28.402+01:00  INFO 13472 --- [greeting] [restartedMain] com.zaxxer.hikari.HikariDataSource       : HikariPool-2 - Starting...
2026-04-29T09:17:28.494+01:00  INFO 13472 --- [greeting] [restartedMain] com.zaxxer.hikari.pool.HikariPool        : HikariPool-2 - Added connection com.mysql.cj.jdbc.ConnectionImpl@7dce573
2026-04-29T09:17:28.506+01:00  INFO 13472 --- [greeting] [restartedMain] com.zaxxer.hikari.HikariDataSource       : HikariPool-2 - Start completed.
2026-04-29T09:17:28.514+01:00  INFO 13472 --- [greeting] [restartedMain] org.hibernate.orm.connections.pooling    : HHH10001005: Database info:
	Database JDBC URL [Connecting through datasource 'HikariDataSource (HikariPool-2)']
	Database driver: undefined/unknown
	Database version: 8.0.33
	Autocommit mode: undefined/unknown
	Isolation level: undefined/unknown
	Minimum pool size: undefined/unknown
	Maximum pool size: undefined/unknown
2026-04-29T09:17:29.123+01:00  INFO 13472 --- [greeting] [restartedMain] o.h.e.t.j.p.i.JtaPlatformInitiator       : HHH000489: No JTA platform available (set 'hibernate.transaction.jta.platform' to enable JTA platform integration)
2026-04-29T09:17:29.333+01:00  INFO 13472 --- [greeting] [restartedMain] j.LocalContainerEntityManagerFactoryBean : Initialized JPA EntityManagerFactory for persistence unit 'default'
2026-04-29T09:17:29.469+01:00  WARN 13472 --- [greeting] [restartedMain] JpaBaseConfiguration$JpaWebConfiguration : spring.jpa.open-in-view is enabled by default. Therefore, database queries may be performed during view rendering. Explicitly configure spring.jpa.open-in-view to disable this warning
2026-04-29T09:17:30.225+01:00  INFO 13472 --- [greeting] [restartedMain] o.s.b.d.a.OptionalLiveReloadServer       : LiveReload server is running on port 35729
2026-04-29T09:17:30.249+01:00  INFO 13472 --- [greeting] [restartedMain] o.s.b.w.embedded.tomcat.TomcatWebServer  : Tomcat started on port 8080 (http) with context path '/'
2026-04-29T09:17:30.267+01:00  INFO 13472 --- [greeting] [restartedMain] com.fsb.greeting.GreetingApplication     : Started GreetingApplication in 4.046 seconds (process running for 243.1)
2026-04-29T09:17:30.278+01:00  INFO 13472 --- [greeting] [restartedMain] .ConditionEvaluationDeltaLoggingListener : Condition evaluation unchanged
2026-04-29T09:18:44.900+01:00  INFO 13472 --- [greeting] [http-nio-8080-exec-1] o.a.c.c.C.[Tomcat].[localhost].[/]       : Initializing Spring DispatcherServlet 'dispatcherServlet'
2026-04-29T09:18:44.901+01:00  INFO 13472 --- [greeting] [http-nio-8080-exec-1] o.s.web.servlet.DispatcherServlet        : Initializing Servlet 'dispatcherServlet'
2026-04-29T09:18:44.905+01:00  INFO 13472 --- [greeting] [http-nio-8080-exec-1] o.s.web.servlet.DispatcherServlet        : Completed initialization in 2 ms
2026-04-29T09:18:44.958+01:00  WARN 13472 --- [greeting] [http-nio-8080-exec-1] actStandardFragmentInsertionTagProcessor : [THYMELEAF][http-nio-8080-exec-1][add-person] Deprecated unwrapped fragment expression "layout/default-layout::link" found in template add-person, line 8, col 10. Please use the complete syntax of fragment expressions instead ("~{layout/default-layout::link}"). The old, unwrapped syntax for fragment expressions will be removed in future versions of Thymeleaf.
2026-04-29T09:18:44.966+01:00  WARN 13472 --- [greeting] [http-nio-8080-exec-1] actStandardFragmentInsertionTagProcessor : [THYMELEAF][http-nio-8080-exec-1][add-person] Deprecated unwrapped fragment expression "layout/default-layout::body(title='Add person')" found in template add-person, line 14, col 7. Please use the complete syntax of fragment expressions instead ("~{layout/default-layout::body(title='Add person')}"). The old, unwrapped syntax for fragment expressions will be removed in future versions of Thymeleaf.
2026-04-29T09:18:46.172+01:00 ERROR 13472 --- [greeting] [http-nio-8080-exec-7] c.f.g.w.exceptions.ExceptionController   : No static resource favicon.ico.
2026-04-29T09:18:46.173+01:00  WARN 13472 --- [greeting] [http-nio-8080-exec-7] .m.m.a.ExceptionHandlerExceptionResolver : Resolved [org.springframework.web.servlet.resource.NoResourceFoundException: No static resource favicon.ico.]
2026-04-29T09:20:56.407+01:00  INFO 13472 --- [greeting] [File Watcher] rtingClassPathChangeChangedEventListener : Restarting due to 1 class path change (0 additions, 0 deletions, 1 modification)
2026-04-29T09:20:56.576+01:00  INFO 13472 --- [greeting] [Thread-7] o.s.b.w.e.tomcat.GracefulShutdown        : Commencing graceful shutdown. Waiting for active requests to complete
2026-04-29T09:20:57.308+01:00  INFO 13472 --- [greeting] [tomcat-shutdown] o.s.b.w.e.tomcat.GracefulShutdown        : Graceful shutdown complete
2026-04-29T09:20:57.310+01:00  INFO 13472 --- [greeting] [Thread-7] j.LocalContainerEntityManagerFactoryBean : Closing JPA EntityManagerFactory for persistence unit 'default'
2026-04-29T09:20:57.311+01:00  INFO 13472 --- [greeting] [Thread-7] com.zaxxer.hikari.HikariDataSource       : HikariPool-2 - Shutdown initiated...
2026-04-29T09:20:57.320+01:00  INFO 13472 --- [greeting] [Thread-7] com.zaxxer.hikari.HikariDataSource       : HikariPool-2 - Shutdown completed.
2026-04-29T09:20:57.555+01:00  INFO 13472 --- [greeting] [restartedMain] com.fsb.greeting.GreetingApplication     : Starting GreetingApplication using Java 17.0.10 with PID 13472 (E:\FSB\Mes matières\s2\Spring Boot GLSI2\2025-2026\ws-2026\greeting\target\classes started by adem in E:\FSB\Mes matières\s2\Spring Boot GLSI2\2025-2026\ws-2026\greeting)
2026-04-29T09:20:57.560+01:00  INFO 13472 --- [greeting] [restartedMain] com.fsb.greeting.GreetingApplication     : No active profile set, falling back to 1 default profile: "default"
2026-04-29T09:20:57.992+01:00  INFO 13472 --- [greeting] [restartedMain] .s.d.r.c.RepositoryConfigurationDelegate : Bootstrapping Spring Data JPA repositories in DEFAULT mode.
2026-04-29T09:20:58.013+01:00  INFO 13472 --- [greeting] [restartedMain] .s.d.r.c.RepositoryConfigurationDelegate : Finished Spring Data repository scanning in 19 ms. Found 1 JPA repository interface.
2026-04-29T09:20:58.168+01:00  INFO 13472 --- [greeting] [restartedMain] o.s.b.w.embedded.tomcat.TomcatWebServer  : Tomcat initialized with port 8080 (http)
2026-04-29T09:20:58.169+01:00  INFO 13472 --- [greeting] [restartedMain] o.apache.catalina.core.StandardService   : Starting service [Tomcat]
2026-04-29T09:20:58.169+01:00  INFO 13472 --- [greeting] [restartedMain] o.apache.catalina.core.StandardEngine    : Starting Servlet engine: [Apache Tomcat/10.1.50]
2026-04-29T09:20:58.205+01:00  INFO 13472 --- [greeting] [restartedMain] o.a.c.c.C.[Tomcat].[localhost].[/]       : Initializing Spring embedded WebApplicationContext
2026-04-29T09:20:58.207+01:00  INFO 13472 --- [greeting] [restartedMain] w.s.c.ServletWebServerApplicationContext : Root WebApplicationContext: initialization completed in 633 ms
2026-04-29T09:20:58.282+01:00  INFO 13472 --- [greeting] [restartedMain] o.hibernate.jpa.internal.util.LogHelper  : HHH000204: Processing PersistenceUnitInfo [name: default]
2026-04-29T09:20:58.287+01:00  INFO 13472 --- [greeting] [restartedMain] o.h.c.internal.RegionFactoryInitiator    : HHH000026: Second-level cache disabled
2026-04-29T09:20:58.304+01:00  INFO 13472 --- [greeting] [restartedMain] o.s.o.j.p.SpringPersistenceUnitInfo      : No LoadTimeWeaver setup: ignoring JPA class transformer
2026-04-29T09:20:58.307+01:00  INFO 13472 --- [greeting] [restartedMain] com.zaxxer.hikari.HikariDataSource       : HikariPool-3 - Starting...
2026-04-29T09:20:58.339+01:00  INFO 13472 --- [greeting] [restartedMain] com.zaxxer.hikari.pool.HikariPool        : HikariPool-3 - Added connection com.mysql.cj.jdbc.ConnectionImpl@7dd25085
2026-04-29T09:20:58.341+01:00  INFO 13472 --- [greeting] [restartedMain] com.zaxxer.hikari.HikariDataSource       : HikariPool-3 - Start completed.
2026-04-29T09:20:58.343+01:00  INFO 13472 --- [greeting] [restartedMain] org.hibernate.orm.connections.pooling    : HHH10001005: Database info:
	Database JDBC URL [Connecting through datasource 'HikariDataSource (HikariPool-3)']
	Database driver: undefined/unknown
	Database version: 8.0.33
	Autocommit mode: undefined/unknown
	Isolation level: undefined/unknown
	Minimum pool size: undefined/unknown
	Maximum pool size: undefined/unknown
2026-04-29T09:20:58.411+01:00  INFO 13472 --- [greeting] [restartedMain] o.h.e.t.j.p.i.JtaPlatformInitiator       : HHH000489: No JTA platform available (set 'hibernate.transaction.jta.platform' to enable JTA platform integration)
2026-04-29T09:20:58.426+01:00  INFO 13472 --- [greeting] [restartedMain] j.LocalContainerEntityManagerFactoryBean : Initialized JPA EntityManagerFactory for persistence unit 'default'
2026-04-29T09:20:58.542+01:00  WARN 13472 --- [greeting] [restartedMain] JpaBaseConfiguration$JpaWebConfiguration : spring.jpa.open-in-view is enabled by default. Therefore, database queries may be performed during view rendering. Explicitly configure spring.jpa.open-in-view to disable this warning
2026-04-29T09:20:59.309+01:00  INFO 13472 --- [greeting] [restartedMain] o.s.b.d.a.OptionalLiveReloadServer       : LiveReload server is running on port 35729
2026-04-29T09:20:59.366+01:00  INFO 13472 --- [greeting] [restartedMain] o.s.b.w.embedded.tomcat.TomcatWebServer  : Tomcat started on port 8080 (http) with context path '/'
2026-04-29T09:20:59.459+01:00  INFO 13472 --- [greeting] [restartedMain] com.fsb.greeting.GreetingApplication     : Started GreetingApplication in 1.961 seconds (process running for 452.292)
2026-04-29T09:20:59.489+01:00  INFO 13472 --- [greeting] [restartedMain] .ConditionEvaluationDeltaLoggingListener : Condition evaluation unchanged
2026-04-29T09:21:35.877+01:00  INFO 13472 --- [greeting] [File Watcher] rtingClassPathChangeChangedEventListener : Restarting due to 1 class path change (0 additions, 0 deletions, 1 modification)
2026-04-29T09:21:35.879+01:00  INFO 13472 --- [greeting] [Thread-11] o.s.b.w.e.tomcat.GracefulShutdown        : Commencing graceful shutdown. Waiting for active requests to complete
2026-04-29T09:21:36.257+01:00  INFO 13472 --- [greeting] [tomcat-shutdown] o.s.b.w.e.tomcat.GracefulShutdown        : Graceful shutdown complete
2026-04-29T09:21:36.259+01:00  INFO 13472 --- [greeting] [Thread-11] j.LocalContainerEntityManagerFactoryBean : Closing JPA EntityManagerFactory for persistence unit 'default'
2026-04-29T09:21:36.261+01:00  INFO 13472 --- [greeting] [Thread-11] com.zaxxer.hikari.HikariDataSource       : HikariPool-3 - Shutdown initiated...
2026-04-29T09:21:36.268+01:00  INFO 13472 --- [greeting] [Thread-11] com.zaxxer.hikari.HikariDataSource       : HikariPool-3 - Shutdown completed.
2026-04-29T09:21:36.378+01:00  INFO 13472 --- [greeting] [restartedMain] com.fsb.greeting.GreetingApplication     : Starting GreetingApplication using Java 17.0.10 with PID 13472 (E:\FSB\Mes matières\s2\Spring Boot GLSI2\2025-2026\ws-2026\greeting\target\classes started by adem in E:\FSB\Mes matières\s2\Spring Boot GLSI2\2025-2026\ws-2026\greeting)
2026-04-29T09:21:36.383+01:00  INFO 13472 --- [greeting] [restartedMain] com.fsb.greeting.GreetingApplication     : No active profile set, falling back to 1 default profile: "default"
2026-04-29T09:21:36.702+01:00  INFO 13472 --- [greeting] [restartedMain] .s.d.r.c.RepositoryConfigurationDelegate : Bootstrapping Spring Data JPA repositories in DEFAULT mode.
2026-04-29T09:21:36.722+01:00  INFO 13472 --- [greeting] [restartedMain] .s.d.r.c.RepositoryConfigurationDelegate : Finished Spring Data repository scanning in 16 ms. Found 1 JPA repository interface.
2026-04-29T09:21:36.862+01:00  INFO 13472 --- [greeting] [restartedMain] o.s.b.w.embedded.tomcat.TomcatWebServer  : Tomcat initialized with port 8080 (http)
2026-04-29T09:21:36.864+01:00  INFO 13472 --- [greeting] [restartedMain] o.apache.catalina.core.StandardService   : Starting service [Tomcat]
2026-04-29T09:21:36.865+01:00  INFO 13472 --- [greeting] [restartedMain] o.apache.catalina.core.StandardEngine    : Starting Servlet engine: [Apache Tomcat/10.1.50]
2026-04-29T09:21:36.910+01:00  INFO 13472 --- [greeting] [restartedMain] o.a.c.c.C.[Tomcat].[localhost].[/]       : Initializing Spring embedded WebApplicationContext
2026-04-29T09:21:36.910+01:00  INFO 13472 --- [greeting] [restartedMain] w.s.c.ServletWebServerApplicationContext : Root WebApplicationContext: initialization completed in 521 ms
2026-04-29T09:21:36.961+01:00  INFO 13472 --- [greeting] [restartedMain] o.hibernate.jpa.internal.util.LogHelper  : HHH000204: Processing PersistenceUnitInfo [name: default]
2026-04-29T09:21:36.969+01:00  INFO 13472 --- [greeting] [restartedMain] o.h.c.internal.RegionFactoryInitiator    : HHH000026: Second-level cache disabled
2026-04-29T09:21:36.985+01:00  INFO 13472 --- [greeting] [restartedMain] o.s.o.j.p.SpringPersistenceUnitInfo      : No LoadTimeWeaver setup: ignoring JPA class transformer
2026-04-29T09:21:36.986+01:00  INFO 13472 --- [greeting] [restartedMain] com.zaxxer.hikari.HikariDataSource       : HikariPool-4 - Starting...
2026-04-29T09:21:37.006+01:00  INFO 13472 --- [greeting] [restartedMain] com.zaxxer.hikari.pool.HikariPool        : HikariPool-4 - Added connection com.mysql.cj.jdbc.ConnectionImpl@5d9c8861
2026-04-29T09:21:37.009+01:00  INFO 13472 --- [greeting] [restartedMain] com.zaxxer.hikari.HikariDataSource       : HikariPool-4 - Start completed.
2026-04-29T09:21:37.012+01:00  INFO 13472 --- [greeting] [restartedMain] org.hibernate.orm.connections.pooling    : HHH10001005: Database info:
	Database JDBC URL [Connecting through datasource 'HikariDataSource (HikariPool-4)']
	Database driver: undefined/unknown
	Database version: 8.0.33
	Autocommit mode: undefined/unknown
	Isolation level: undefined/unknown
	Minimum pool size: undefined/unknown
	Maximum pool size: undefined/unknown
2026-04-29T09:21:37.162+01:00  INFO 13472 --- [greeting] [restartedMain] o.h.e.t.j.p.i.JtaPlatformInitiator       : HHH000489: No JTA platform available (set 'hibernate.transaction.jta.platform' to enable JTA platform integration)
2026-04-29T09:21:37.190+01:00  INFO 13472 --- [greeting] [restartedMain] j.LocalContainerEntityManagerFactoryBean : Initialized JPA EntityManagerFactory for persistence unit 'default'
2026-04-29T09:21:37.310+01:00  WARN 13472 --- [greeting] [restartedMain] JpaBaseConfiguration$JpaWebConfiguration : spring.jpa.open-in-view is enabled by default. Therefore, database queries may be performed during view rendering. Explicitly configure spring.jpa.open-in-view to disable this warning
2026-04-29T09:21:38.052+01:00  INFO 13472 --- [greeting] [restartedMain] o.s.b.d.a.OptionalLiveReloadServer       : LiveReload server is running on port 35729
2026-04-29T09:21:38.062+01:00  INFO 13472 --- [greeting] [restartedMain] o.s.b.w.embedded.tomcat.TomcatWebServer  : Tomcat started on port 8080 (http) with context path '/'
2026-04-29T09:21:38.069+01:00  INFO 13472 --- [greeting] [restartedMain] com.fsb.greeting.GreetingApplication     : Started GreetingApplication in 1.728 seconds (process running for 490.903)
2026-04-29T09:21:38.072+01:00  INFO 13472 --- [greeting] [restartedMain] .ConditionEvaluationDeltaLoggingListener : Condition evaluation unchanged
2026-04-29T09:21:49.486+01:00  INFO 13472 --- [greeting] [http-nio-8080-exec-1] o.a.c.c.C.[Tomcat].[localhost].[/]       : Initializing Spring DispatcherServlet 'dispatcherServlet'
2026-04-29T09:21:49.501+01:00  INFO 13472 --- [greeting] [http-nio-8080-exec-1] o.s.web.servlet.DispatcherServlet        : Initializing Servlet 'dispatcherServlet'
2026-04-29T09:21:49.503+01:00  INFO 13472 --- [greeting] [http-nio-8080-exec-1] o.s.web.servlet.DispatcherServlet        : Completed initialization in 1 ms
2026-04-29T09:21:49.882+01:00  WARN 13472 --- [greeting] [http-nio-8080-exec-2] actStandardFragmentInsertionTagProcessor : [THYMELEAF][http-nio-8080-exec-2][person-list] Deprecated unwrapped fragment expression "layout/default-layout::link" found in template person-list, line 8, col 9. Please use the complete syntax of fragment expressions instead ("~{layout/default-layout::link}"). The old, unwrapped syntax for fragment expressions will be removed in future versions of Thymeleaf.
2026-04-29T09:21:49.885+01:00  WARN 13472 --- [greeting] [http-nio-8080-exec-2] actStandardFragmentInsertionTagProcessor : [THYMELEAF][http-nio-8080-exec-2][person-list] Deprecated unwrapped fragment expression "layout/default-layout::body(title='People List')" found in template person-list, line 16, col 10. Please use the complete syntax of fragment expressions instead ("~{layout/default-layout::body(title='People List')}"). The old, unwrapped syntax for fragment expressions will be removed in future versions of Thymeleaf.
2026-04-29T09:21:50.009+01:00 ERROR 13472 --- [greeting] [http-nio-8080-exec-5] c.f.g.w.exceptions.ExceptionController   : No static resource images/men.jpg.
2026-04-29T09:21:50.011+01:00  WARN 13472 --- [greeting] [http-nio-8080-exec-5] .m.m.a.ExceptionHandlerExceptionResolver : Resolved [org.springframework.web.servlet.resource.NoResourceFoundException: No static resource images/men.jpg.]
2026-04-29T09:21:51.134+01:00 ERROR 13472 --- [greeting] [http-nio-8080-exec-10] c.f.g.w.exceptions.ExceptionController   : No static resource favicon.ico.
2026-04-29T09:21:51.134+01:00  WARN 13472 --- [greeting] [http-nio-8080-exec-10] .m.m.a.ExceptionHandlerExceptionResolver : Resolved [org.springframework.web.servlet.resource.NoResourceFoundException: No static resource favicon.ico.]
2026-04-29T09:21:58.059+01:00  WARN 13472 --- [greeting] [http-nio-8080-exec-1] actStandardFragmentInsertionTagProcessor : [THYMELEAF][http-nio-8080-exec-1][add-person] Deprecated unwrapped fragment expression "layout/default-layout::link" found in template add-person, line 8, col 10. Please use the complete syntax of fragment expressions instead ("~{layout/default-layout::link}"). The old, unwrapped syntax for fragment expressions will be removed in future versions of Thymeleaf.
2026-04-29T09:21:58.074+01:00  WARN 13472 --- [greeting] [http-nio-8080-exec-1] actStandardFragmentInsertionTagProcessor : [THYMELEAF][http-nio-8080-exec-1][add-person] Deprecated unwrapped fragment expression "layout/default-layout::body(title='Add person')" found in template add-person, line 14, col 7. Please use the complete syntax of fragment expressions instead ("~{layout/default-layout::body(title='Add person')}"). The old, unwrapped syntax for fragment expressions will be removed in future versions of Thymeleaf.
2026-04-29T09:21:58.440+01:00 ERROR 13472 --- [greeting] [http-nio-8080-exec-7] c.f.g.w.exceptions.ExceptionController   : No static resource favicon.ico.
2026-04-29T09:21:58.442+01:00  WARN 13472 --- [greeting] [http-nio-8080-exec-7] .m.m.a.ExceptionHandlerExceptionResolver : Resolved [org.springframework.web.servlet.resource.NoResourceFoundException: No static resource favicon.ico.]
2026-04-29T09:22:04.637+01:00  WARN 13472 --- [greeting] [http-nio-8080-exec-9] actStandardFragmentInsertionTagProcessor : [THYMELEAF][http-nio-8080-exec-9][person-list] Deprecated unwrapped fragment expression "layout/default-layout::link" found in template person-list, line 8, col 9. Please use the complete syntax of fragment expressions instead ("~{layout/default-layout::link}"). The old, unwrapped syntax for fragment expressions will be removed in future versions of Thymeleaf.
2026-04-29T09:22:04.639+01:00  WARN 13472 --- [greeting] [http-nio-8080-exec-9] actStandardFragmentInsertionTagProcessor : [THYMELEAF][http-nio-8080-exec-9][person-list] Deprecated unwrapped fragment expression "layout/default-layout::body(title='People List')" found in template person-list, line 16, col 10. Please use the complete syntax of fragment expressions instead ("~{layout/default-layout::body(title='People List')}"). The old, unwrapped syntax for fragment expressions will be removed in future versions of Thymeleaf.
2026-04-29T09:22:04.725+01:00 ERROR 13472 --- [greeting] [http-nio-8080-exec-3] c.f.g.w.exceptions.ExceptionController   : No static resource images/men.jpg.
2026-04-29T09:22:04.728+01:00  WARN 13472 --- [greeting] [http-nio-8080-exec-3] .m.m.a.ExceptionHandlerExceptionResolver : Resolved [org.springframework.web.servlet.resource.NoResourceFoundException: No static resource images/men.jpg.]
2026-04-29T09:22:04.983+01:00 ERROR 13472 --- [greeting] [http-nio-8080-exec-4] c.f.g.w.exceptions.ExceptionController   : No static resource favicon.ico.
2026-04-29T09:22:04.984+01:00  WARN 13472 --- [greeting] [http-nio-8080-exec-4] .m.m.a.ExceptionHandlerExceptionResolver : Resolved [org.springframework.web.servlet.resource.NoResourceFoundException: No static resource favicon.ico.]
2026-04-29T09:22:44.287+01:00  INFO 13472 --- [greeting] [File Watcher] rtingClassPathChangeChangedEventListener : Restarting due to 1 class path change (0 additions, 0 deletions, 1 modification)
2026-04-29T09:22:44.452+01:00  INFO 13472 --- [greeting] [Thread-15] o.s.b.w.e.tomcat.GracefulShutdown        : Commencing graceful shutdown. Waiting for active requests to complete
2026-04-29T09:22:45.117+01:00  INFO 13472 --- [greeting] [tomcat-shutdown] o.s.b.w.e.tomcat.GracefulShutdown        : Graceful shutdown complete
2026-04-29T09:22:45.120+01:00  INFO 13472 --- [greeting] [Thread-15] j.LocalContainerEntityManagerFactoryBean : Closing JPA EntityManagerFactory for persistence unit 'default'
2026-04-29T09:22:45.121+01:00  INFO 13472 --- [greeting] [Thread-15] com.zaxxer.hikari.HikariDataSource       : HikariPool-4 - Shutdown initiated...
2026-04-29T09:22:45.131+01:00  INFO 13472 --- [greeting] [Thread-15] com.zaxxer.hikari.HikariDataSource       : HikariPool-4 - Shutdown completed.
2026-04-29T09:22:45.253+01:00  INFO 13472 --- [greeting] [restartedMain] com.fsb.greeting.GreetingApplication     : Starting GreetingApplication using Java 17.0.10 with PID 13472 (E:\FSB\Mes matières\s2\Spring Boot GLSI2\2025-2026\ws-2026\greeting\target\classes started by adem in E:\FSB\Mes matières\s2\Spring Boot GLSI2\2025-2026\ws-2026\greeting)
2026-04-29T09:22:45.254+01:00  INFO 13472 --- [greeting] [restartedMain] com.fsb.greeting.GreetingApplication     : No active profile set, falling back to 1 default profile: "default"
2026-04-29T09:22:45.518+01:00  INFO 13472 --- [greeting] [restartedMain] .s.d.r.c.RepositoryConfigurationDelegate : Bootstrapping Spring Data JPA repositories in DEFAULT mode.
2026-04-29T09:22:45.537+01:00  INFO 13472 --- [greeting] [restartedMain] .s.d.r.c.RepositoryConfigurationDelegate : Finished Spring Data repository scanning in 16 ms. Found 1 JPA repository interface.
2026-04-29T09:22:45.676+01:00  INFO 13472 --- [greeting] [restartedMain] o.s.b.w.embedded.tomcat.TomcatWebServer  : Tomcat initialized with port 8080 (http)
2026-04-29T09:22:45.679+01:00  INFO 13472 --- [greeting] [restartedMain] o.apache.catalina.core.StandardService   : Starting service [Tomcat]
2026-04-29T09:22:45.679+01:00  INFO 13472 --- [greeting] [restartedMain] o.apache.catalina.core.StandardEngine    : Starting Servlet engine: [Apache Tomcat/10.1.50]
2026-04-29T09:22:45.740+01:00  INFO 13472 --- [greeting] [restartedMain] o.a.c.c.C.[Tomcat].[localhost].[/]       : Initializing Spring embedded WebApplicationContext
2026-04-29T09:22:45.741+01:00  INFO 13472 --- [greeting] [restartedMain] w.s.c.ServletWebServerApplicationContext : Root WebApplicationContext: initialization completed in 485 ms
2026-04-29T09:22:45.796+01:00  INFO 13472 --- [greeting] [restartedMain] o.hibernate.jpa.internal.util.LogHelper  : HHH000204: Processing PersistenceUnitInfo [name: default]
2026-04-29T09:22:45.803+01:00  INFO 13472 --- [greeting] [restartedMain] o.h.c.internal.RegionFactoryInitiator    : HHH000026: Second-level cache disabled
2026-04-29T09:22:45.813+01:00  INFO 13472 --- [greeting] [restartedMain] o.s.o.j.p.SpringPersistenceUnitInfo      : No LoadTimeWeaver setup: ignoring JPA class transformer
2026-04-29T09:22:45.817+01:00  INFO 13472 --- [greeting] [restartedMain] com.zaxxer.hikari.HikariDataSource       : HikariPool-5 - Starting...
2026-04-29T09:22:45.828+01:00  INFO 13472 --- [greeting] [restartedMain] com.zaxxer.hikari.pool.HikariPool        : HikariPool-5 - Added connection com.mysql.cj.jdbc.ConnectionImpl@16345312
2026-04-29T09:22:45.829+01:00  INFO 13472 --- [greeting] [restartedMain] com.zaxxer.hikari.HikariDataSource       : HikariPool-5 - Start completed.
2026-04-29T09:22:45.832+01:00  INFO 13472 --- [greeting] [restartedMain] org.hibernate.orm.connections.pooling    : HHH10001005: Database info:
	Database JDBC URL [Connecting through datasource 'HikariDataSource (HikariPool-5)']
	Database driver: undefined/unknown
	Database version: 8.0.33
	Autocommit mode: undefined/unknown
	Isolation level: undefined/unknown
	Minimum pool size: undefined/unknown
	Maximum pool size: undefined/unknown
2026-04-29T09:22:45.905+01:00  INFO 13472 --- [greeting] [restartedMain] o.h.e.t.j.p.i.JtaPlatformInitiator       : HHH000489: No JTA platform available (set 'hibernate.transaction.jta.platform' to enable JTA platform integration)
2026-04-29T09:22:45.961+01:00  INFO 13472 --- [greeting] [restartedMain] j.LocalContainerEntityManagerFactoryBean : Initialized JPA EntityManagerFactory for persistence unit 'default'
2026-04-29T09:22:45.974+01:00  WARN 13472 --- [greeting] [restartedMain] ConfigServletWebServerApplicationContext : Exception encountered during context initialization - cancelling refresh attempt: org.springframework.beans.factory.UnsatisfiedDependencyException: Error creating bean with name 'personsController' defined in file [E:\FSB\Mes matières\s2\Spring Boot GLSI2\2025-2026\ws-2026\greeting\target\classes\com\fsb\greeting\web\controllers\PersonsController.class]: Unsatisfied dependency expressed through constructor parameter 0: No qualifying bean of type 'com.fsb.greeting.business.services.PersonService' available: expected at least 1 bean which qualifies as autowire candidate. Dependency annotations: {}
2026-04-29T09:22:45.975+01:00  INFO 13472 --- [greeting] [restartedMain] j.LocalContainerEntityManagerFactoryBean : Closing JPA EntityManagerFactory for persistence unit 'default'
2026-04-29T09:22:45.976+01:00  INFO 13472 --- [greeting] [restartedMain] com.zaxxer.hikari.HikariDataSource       : HikariPool-5 - Shutdown initiated...
2026-04-29T09:22:45.994+01:00  INFO 13472 --- [greeting] [restartedMain] com.zaxxer.hikari.HikariDataSource       : HikariPool-5 - Shutdown completed.
2026-04-29T09:22:45.996+01:00  INFO 13472 --- [greeting] [restartedMain] o.apache.catalina.core.StandardService   : Stopping service [Tomcat]
2026-04-29T09:22:46.004+01:00  INFO 13472 --- [greeting] [restartedMain] .s.b.a.l.ConditionEvaluationReportLogger : 

Error starting ApplicationContext. To display the condition evaluation report re-run your application with 'debug' enabled.
2026-04-29T09:22:46.060+01:00 ERROR 13472 --- [greeting] [restartedMain] o.s.b.d.LoggingFailureAnalysisReporter   : 

***************************
APPLICATION FAILED TO START
***************************

Description:

Parameter 0 of constructor in com.fsb.greeting.web.controllers.PersonsController required a bean of type 'com.fsb.greeting.business.services.PersonService' that could not be found.


Action:

Consider defining a bean of type 'com.fsb.greeting.business.services.PersonService' in your configuration.

2026-04-29T09:22:49.611+01:00  INFO 13472 --- [greeting] [restartedMain] com.fsb.greeting.GreetingApplication     : Starting GreetingApplication using Java 17.0.10 with PID 13472 (E:\FSB\Mes matières\s2\Spring Boot GLSI2\2025-2026\ws-2026\greeting\target\classes started by adem in E:\FSB\Mes matières\s2\Spring Boot GLSI2\2025-2026\ws-2026\greeting)
2026-04-29T09:22:49.612+01:00  INFO 13472 --- [greeting] [restartedMain] com.fsb.greeting.GreetingApplication     : No active profile set, falling back to 1 default profile: "default"
2026-04-29T09:22:50.061+01:00  INFO 13472 --- [greeting] [restartedMain] .s.d.r.c.RepositoryConfigurationDelegate : Bootstrapping Spring Data JPA repositories in DEFAULT mode.
2026-04-29T09:22:50.093+01:00  INFO 13472 --- [greeting] [restartedMain] .s.d.r.c.RepositoryConfigurationDelegate : Finished Spring Data repository scanning in 15 ms. Found 1 JPA repository interface.
2026-04-29T09:22:50.274+01:00  INFO 13472 --- [greeting] [restartedMain] o.s.b.w.embedded.tomcat.TomcatWebServer  : Tomcat initialized with port 8080 (http)
2026-04-29T09:22:50.281+01:00  INFO 13472 --- [greeting] [restartedMain] o.apache.catalina.core.StandardService   : Starting service [Tomcat]
2026-04-29T09:22:50.287+01:00  INFO 13472 --- [greeting] [restartedMain] o.apache.catalina.core.StandardEngine    : Starting Servlet engine: [Apache Tomcat/10.1.50]
2026-04-29T09:22:50.342+01:00  INFO 13472 --- [greeting] [restartedMain] o.a.c.c.C.[Tomcat-1].[localhost].[/]     : Initializing Spring embedded WebApplicationContext
2026-04-29T09:22:50.342+01:00  INFO 13472 --- [greeting] [restartedMain] w.s.c.ServletWebServerApplicationContext : Root WebApplicationContext: initialization completed in 719 ms
2026-04-29T09:22:50.402+01:00  INFO 13472 --- [greeting] [restartedMain] o.hibernate.jpa.internal.util.LogHelper  : HHH000204: Processing PersistenceUnitInfo [name: default]
2026-04-29T09:22:50.413+01:00  INFO 13472 --- [greeting] [restartedMain] o.h.c.internal.RegionFactoryInitiator    : HHH000026: Second-level cache disabled
2026-04-29T09:22:50.457+01:00  INFO 13472 --- [greeting] [restartedMain] o.s.o.j.p.SpringPersistenceUnitInfo      : No LoadTimeWeaver setup: ignoring JPA class transformer
2026-04-29T09:22:50.460+01:00  INFO 13472 --- [greeting] [restartedMain] com.zaxxer.hikari.HikariDataSource       : HikariPool-6 - Starting...
2026-04-29T09:22:50.480+01:00  INFO 13472 --- [greeting] [restartedMain] com.zaxxer.hikari.pool.HikariPool        : HikariPool-6 - Added connection com.mysql.cj.jdbc.ConnectionImpl@1cd09538
2026-04-29T09:22:50.488+01:00  INFO 13472 --- [greeting] [restartedMain] com.zaxxer.hikari.HikariDataSource       : HikariPool-6 - Start completed.
2026-04-29T09:22:50.529+01:00  INFO 13472 --- [greeting] [restartedMain] org.hibernate.orm.connections.pooling    : HHH10001005: Database info:
	Database JDBC URL [Connecting through datasource 'HikariDataSource (HikariPool-6)']
	Database driver: undefined/unknown
	Database version: 8.0.33
	Autocommit mode: undefined/unknown
	Isolation level: undefined/unknown
	Minimum pool size: undefined/unknown
	Maximum pool size: undefined/unknown
2026-04-29T09:22:50.633+01:00  INFO 13472 --- [greeting] [restartedMain] o.h.e.t.j.p.i.JtaPlatformInitiator       : HHH000489: No JTA platform available (set 'hibernate.transaction.jta.platform' to enable JTA platform integration)
2026-04-29T09:22:50.675+01:00  INFO 13472 --- [greeting] [restartedMain] j.LocalContainerEntityManagerFactoryBean : Initialized JPA EntityManagerFactory for persistence unit 'default'
2026-04-29T09:22:50.760+01:00  WARN 13472 --- [greeting] [restartedMain] JpaBaseConfiguration$JpaWebConfiguration : spring.jpa.open-in-view is enabled by default. Therefore, database queries may be performed during view rendering. Explicitly configure spring.jpa.open-in-view to disable this warning
2026-04-29T09:22:51.180+01:00  INFO 13472 --- [greeting] [restartedMain] o.s.b.d.a.OptionalLiveReloadServer       : LiveReload server is running on port 35729
2026-04-29T09:22:51.188+01:00  INFO 13472 --- [greeting] [restartedMain] o.s.b.w.embedded.tomcat.TomcatWebServer  : Tomcat started on port 8080 (http) with context path '/'
2026-04-29T09:22:51.196+01:00  INFO 13472 --- [greeting] [restartedMain] com.fsb.greeting.GreetingApplication     : Started GreetingApplication in 1.627 seconds (process running for 564.029)
2026-04-29T09:22:51.201+01:00  INFO 13472 --- [greeting] [restartedMain] .ConditionEvaluationDeltaLoggingListener : Condition evaluation unchanged
2026-04-29T09:22:53.996+01:00  INFO 13472 --- [greeting] [http-nio-8080-exec-1] o.a.c.c.C.[Tomcat-1].[localhost].[/]     : Initializing Spring DispatcherServlet 'dispatcherServlet'
2026-04-29T09:22:53.998+01:00  INFO 13472 --- [greeting] [http-nio-8080-exec-1] o.s.web.servlet.DispatcherServlet        : Initializing Servlet 'dispatcherServlet'
2026-04-29T09:22:54.000+01:00  INFO 13472 --- [greeting] [http-nio-8080-exec-1] o.s.web.servlet.DispatcherServlet        : Completed initialization in 1 ms
2026-04-29T09:22:54.039+01:00  WARN 13472 --- [greeting] [http-nio-8080-exec-1] actStandardFragmentInsertionTagProcessor : [THYMELEAF][http-nio-8080-exec-1][person-list] Deprecated unwrapped fragment expression "layout/default-layout::link" found in template person-list, line 8, col 9. Please use the complete syntax of fragment expressions instead ("~{layout/default-layout::link}"). The old, unwrapped syntax for fragment expressions will be removed in future versions of Thymeleaf.
2026-04-29T09:22:54.045+01:00  WARN 13472 --- [greeting] [http-nio-8080-exec-1] actStandardFragmentInsertionTagProcessor : [THYMELEAF][http-nio-8080-exec-1][person-list] Deprecated unwrapped fragment expression "layout/default-layout::body(title='People List')" found in template person-list, line 16, col 10. Please use the complete syntax of fragment expressions instead ("~{layout/default-layout::body(title='People List')}"). The old, unwrapped syntax for fragment expressions will be removed in future versions of Thymeleaf.
2026-04-29T09:22:54.225+01:00 ERROR 13472 --- [greeting] [http-nio-8080-exec-4] c.f.g.w.exceptions.ExceptionController   : No static resource images/men.jpg.
2026-04-29T09:22:54.231+01:00  WARN 13472 --- [greeting] [http-nio-8080-exec-4] .m.m.a.ExceptionHandlerExceptionResolver : Resolved [org.springframework.web.servlet.resource.NoResourceFoundException: No static resource images/men.jpg.]
2026-04-29T09:22:54.521+01:00 ERROR 13472 --- [greeting] [http-nio-8080-exec-7] c.f.g.w.exceptions.ExceptionController   : No static resource favicon.ico.
2026-04-29T09:22:54.528+01:00  WARN 13472 --- [greeting] [http-nio-8080-exec-7] .m.m.a.ExceptionHandlerExceptionResolver : Resolved [org.springframework.web.servlet.resource.NoResourceFoundException: No static resource favicon.ico.]
2026-04-29T09:30:14.771+01:00  INFO 13472 --- [greeting] [File Watcher] rtingClassPathChangeChangedEventListener : Restarting due to 1 class path change (0 additions, 0 deletions, 1 modification)
2026-04-29T09:30:14.775+01:00  INFO 13472 --- [greeting] [Thread-19] o.s.b.w.e.tomcat.GracefulShutdown        : Commencing graceful shutdown. Waiting for active requests to complete
2026-04-29T09:30:15.500+01:00  INFO 13472 --- [greeting] [tomcat-shutdown] o.s.b.w.e.tomcat.GracefulShutdown        : Graceful shutdown complete
2026-04-29T09:30:15.503+01:00  INFO 13472 --- [greeting] [Thread-19] j.LocalContainerEntityManagerFactoryBean : Closing JPA EntityManagerFactory for persistence unit 'default'
2026-04-29T09:30:15.503+01:00  INFO 13472 --- [greeting] [Thread-19] com.zaxxer.hikari.HikariDataSource       : HikariPool-6 - Shutdown initiated...
2026-04-29T09:30:15.507+01:00  INFO 13472 --- [greeting] [Thread-19] com.zaxxer.hikari.HikariDataSource       : HikariPool-6 - Shutdown completed.
2026-04-29T09:30:15.685+01:00  INFO 13472 --- [greeting] [restartedMain] com.fsb.greeting.GreetingApplication     : Starting GreetingApplication using Java 17.0.10 with PID 13472 (E:\FSB\Mes matières\s2\Spring Boot GLSI2\2025-2026\ws-2026\greeting\target\classes started by adem in E:\FSB\Mes matières\s2\Spring Boot GLSI2\2025-2026\ws-2026\greeting)
2026-04-29T09:30:15.686+01:00  INFO 13472 --- [greeting] [restartedMain] com.fsb.greeting.GreetingApplication     : No active profile set, falling back to 1 default profile: "default"
2026-04-29T09:30:16.185+01:00  INFO 13472 --- [greeting] [restartedMain] .s.d.r.c.RepositoryConfigurationDelegate : Bootstrapping Spring Data JPA repositories in DEFAULT mode.
2026-04-29T09:30:16.214+01:00  INFO 13472 --- [greeting] [restartedMain] .s.d.r.c.RepositoryConfigurationDelegate : Finished Spring Data repository scanning in 22 ms. Found 1 JPA repository interface.
2026-04-29T09:30:16.798+01:00  INFO 13472 --- [greeting] [restartedMain] o.s.b.w.embedded.tomcat.TomcatWebServer  : Tomcat initialized with port 8080 (http)
2026-04-29T09:30:16.947+01:00  INFO 13472 --- [greeting] [restartedMain] o.apache.catalina.core.StandardService   : Starting service [Tomcat]
2026-04-29T09:30:16.995+01:00  INFO 13472 --- [greeting] [restartedMain] o.apache.catalina.core.StandardEngine    : Starting Servlet engine: [Apache Tomcat/10.1.50]
2026-04-29T09:30:17.126+01:00  INFO 13472 --- [greeting] [restartedMain] o.a.c.c.C.[Tomcat-1].[localhost].[/]     : Initializing Spring embedded WebApplicationContext
2026-04-29T09:30:17.137+01:00  INFO 13472 --- [greeting] [restartedMain] w.s.c.ServletWebServerApplicationContext : Root WebApplicationContext: initialization completed in 1449 ms
2026-04-29T09:30:17.212+01:00  INFO 13472 --- [greeting] [restartedMain] o.hibernate.jpa.internal.util.LogHelper  : HHH000204: Processing PersistenceUnitInfo [name: default]
2026-04-29T09:30:17.224+01:00  INFO 13472 --- [greeting] [restartedMain] o.h.c.internal.RegionFactoryInitiator    : HHH000026: Second-level cache disabled
2026-04-29T09:30:17.244+01:00  INFO 13472 --- [greeting] [restartedMain] o.s.o.j.p.SpringPersistenceUnitInfo      : No LoadTimeWeaver setup: ignoring JPA class transformer
2026-04-29T09:30:17.246+01:00  INFO 13472 --- [greeting] [restartedMain] com.zaxxer.hikari.HikariDataSource       : HikariPool-7 - Starting...
2026-04-29T09:30:17.302+01:00  INFO 13472 --- [greeting] [restartedMain] com.zaxxer.hikari.pool.HikariPool        : HikariPool-7 - Added connection com.mysql.cj.jdbc.ConnectionImpl@3825a6c6
2026-04-29T09:30:17.304+01:00  INFO 13472 --- [greeting] [restartedMain] com.zaxxer.hikari.HikariDataSource       : HikariPool-7 - Start completed.
2026-04-29T09:30:17.309+01:00  INFO 13472 --- [greeting] [restartedMain] org.hibernate.orm.connections.pooling    : HHH10001005: Database info:
	Database JDBC URL [Connecting through datasource 'HikariDataSource (HikariPool-7)']
	Database driver: undefined/unknown
	Database version: 8.0.33
	Autocommit mode: undefined/unknown
	Isolation level: undefined/unknown
	Minimum pool size: undefined/unknown
	Maximum pool size: undefined/unknown
2026-04-29T09:30:17.374+01:00  INFO 13472 --- [greeting] [restartedMain] o.h.e.t.j.p.i.JtaPlatformInitiator       : HHH000489: No JTA platform available (set 'hibernate.transaction.jta.platform' to enable JTA platform integration)
2026-04-29T09:30:17.396+01:00  INFO 13472 --- [greeting] [restartedMain] j.LocalContainerEntityManagerFactoryBean : Initialized JPA EntityManagerFactory for persistence unit 'default'
2026-04-29T09:30:17.538+01:00  WARN 13472 --- [greeting] [restartedMain] JpaBaseConfiguration$JpaWebConfiguration : spring.jpa.open-in-view is enabled by default. Therefore, database queries may be performed during view rendering. Explicitly configure spring.jpa.open-in-view to disable this warning
2026-04-29T09:30:18.029+01:00  INFO 13472 --- [greeting] [restartedMain] o.s.b.d.a.OptionalLiveReloadServer       : LiveReload server is running on port 35729
2026-04-29T09:30:18.053+01:00  INFO 13472 --- [greeting] [restartedMain] o.s.b.w.embedded.tomcat.TomcatWebServer  : Tomcat started on port 8080 (http) with context path '/'
2026-04-29T09:30:18.057+01:00  INFO 13472 --- [greeting] [restartedMain] com.fsb.greeting.GreetingApplication     : Started GreetingApplication in 2.4 seconds (process running for 1010.891)
2026-04-29T09:30:18.059+01:00  INFO 13472 --- [greeting] [restartedMain] .ConditionEvaluationDeltaLoggingListener : Condition evaluation unchanged
2026-04-29T09:38:20.477+01:00  INFO 13472 --- [greeting] [File Watcher] rtingClassPathChangeChangedEventListener : Restarting due to 2 class path changes (0 additions, 0 deletions, 2 modifications)
2026-04-29T09:38:20.479+01:00  INFO 13472 --- [greeting] [Thread-26] o.s.b.w.e.tomcat.GracefulShutdown        : Commencing graceful shutdown. Waiting for active requests to complete
2026-04-29T09:38:21.592+01:00  INFO 13472 --- [greeting] [tomcat-shutdown] o.s.b.w.e.tomcat.GracefulShutdown        : Graceful shutdown complete
2026-04-29T09:38:21.596+01:00  INFO 13472 --- [greeting] [Thread-26] j.LocalContainerEntityManagerFactoryBean : Closing JPA EntityManagerFactory for persistence unit 'default'
2026-04-29T09:38:21.604+01:00  INFO 13472 --- [greeting] [Thread-26] com.zaxxer.hikari.HikariDataSource       : HikariPool-7 - Shutdown initiated...
2026-04-29T09:38:21.658+01:00  INFO 13472 --- [greeting] [Thread-26] com.zaxxer.hikari.HikariDataSource       : HikariPool-7 - Shutdown completed.
2026-04-29T09:38:21.893+01:00  INFO 13472 --- [greeting] [restartedMain] com.fsb.greeting.GreetingApplication     : Starting GreetingApplication using Java 17.0.10 with PID 13472 (E:\FSB\Mes matières\s2\Spring Boot GLSI2\2025-2026\ws-2026\greeting\target\classes started by adem in E:\FSB\Mes matières\s2\Spring Boot GLSI2\2025-2026\ws-2026\greeting)
2026-04-29T09:38:21.897+01:00  INFO 13472 --- [greeting] [restartedMain] com.fsb.greeting.GreetingApplication     : No active profile set, falling back to 1 default profile: "default"
2026-04-29T09:38:22.208+01:00  INFO 13472 --- [greeting] [restartedMain] .s.d.r.c.RepositoryConfigurationDelegate : Bootstrapping Spring Data JPA repositories in DEFAULT mode.
2026-04-29T09:38:22.273+01:00  INFO 13472 --- [greeting] [restartedMain] .s.d.r.c.RepositoryConfigurationDelegate : Finished Spring Data repository scanning in 41 ms. Found 1 JPA repository interface.
2026-04-29T09:38:22.490+01:00  INFO 13472 --- [greeting] [restartedMain] o.s.b.w.embedded.tomcat.TomcatWebServer  : Tomcat initialized with port 8080 (http)
2026-04-29T09:38:22.493+01:00  INFO 13472 --- [greeting] [restartedMain] o.apache.catalina.core.StandardService   : Starting service [Tomcat]
2026-04-29T09:38:22.495+01:00  INFO 13472 --- [greeting] [restartedMain] o.apache.catalina.core.StandardEngine    : Starting Servlet engine: [Apache Tomcat/10.1.50]
2026-04-29T09:38:22.538+01:00  INFO 13472 --- [greeting] [restartedMain] o.a.c.c.C.[Tomcat-1].[localhost].[/]     : Initializing Spring embedded WebApplicationContext
2026-04-29T09:38:22.538+01:00  INFO 13472 --- [greeting] [restartedMain] w.s.c.ServletWebServerApplicationContext : Root WebApplicationContext: initialization completed in 635 ms
2026-04-29T09:38:22.588+01:00  INFO 13472 --- [greeting] [restartedMain] o.hibernate.jpa.internal.util.LogHelper  : HHH000204: Processing PersistenceUnitInfo [name: default]
2026-04-29T09:38:22.591+01:00  INFO 13472 --- [greeting] [restartedMain] o.h.c.internal.RegionFactoryInitiator    : HHH000026: Second-level cache disabled
2026-04-29T09:38:22.607+01:00  INFO 13472 --- [greeting] [restartedMain] o.s.o.j.p.SpringPersistenceUnitInfo      : No LoadTimeWeaver setup: ignoring JPA class transformer
2026-04-29T09:38:22.608+01:00  INFO 13472 --- [greeting] [restartedMain] com.zaxxer.hikari.HikariDataSource       : HikariPool-8 - Starting...
2026-04-29T09:38:22.646+01:00  INFO 13472 --- [greeting] [restartedMain] com.zaxxer.hikari.pool.HikariPool        : HikariPool-8 - Added connection com.mysql.cj.jdbc.ConnectionImpl@42ed7b6a
2026-04-29T09:38:22.646+01:00  INFO 13472 --- [greeting] [restartedMain] com.zaxxer.hikari.HikariDataSource       : HikariPool-8 - Start completed.
2026-04-29T09:38:22.647+01:00  INFO 13472 --- [greeting] [restartedMain] org.hibernate.orm.connections.pooling    : HHH10001005: Database info:
	Database JDBC URL [Connecting through datasource 'HikariDataSource (HikariPool-8)']
	Database driver: undefined/unknown
	Database version: 8.0.33
	Autocommit mode: undefined/unknown
	Isolation level: undefined/unknown
	Minimum pool size: undefined/unknown
	Maximum pool size: undefined/unknown
2026-04-29T09:38:22.724+01:00  INFO 13472 --- [greeting] [restartedMain] o.h.e.t.j.p.i.JtaPlatformInitiator       : HHH000489: No JTA platform available (set 'hibernate.transaction.jta.platform' to enable JTA platform integration)
2026-04-29T09:38:22.762+01:00  INFO 13472 --- [greeting] [restartedMain] j.LocalContainerEntityManagerFactoryBean : Initialized JPA EntityManagerFactory for persistence unit 'default'
2026-04-29T09:38:22.846+01:00  WARN 13472 --- [greeting] [restartedMain] JpaBaseConfiguration$JpaWebConfiguration : spring.jpa.open-in-view is enabled by default. Therefore, database queries may be performed during view rendering. Explicitly configure spring.jpa.open-in-view to disable this warning
2026-04-29T09:38:23.289+01:00  INFO 13472 --- [greeting] [restartedMain] o.s.b.d.a.OptionalLiveReloadServer       : LiveReload server is running on port 35729
2026-04-29T09:38:23.327+01:00  INFO 13472 --- [greeting] [restartedMain] o.s.b.w.embedded.tomcat.TomcatWebServer  : Tomcat started on port 8080 (http) with context path '/'
2026-04-29T09:38:23.331+01:00  INFO 13472 --- [greeting] [restartedMain] com.fsb.greeting.GreetingApplication     : Started GreetingApplication in 1.517 seconds (process running for 1496.165)
2026-04-29T09:38:23.334+01:00  INFO 13472 --- [greeting] [restartedMain] .ConditionEvaluationDeltaLoggingListener : Condition evaluation unchanged
2026-04-29T09:38:28.506+01:00  INFO 13472 --- [greeting] [http-nio-8080-exec-1] o.a.c.c.C.[Tomcat-1].[localhost].[/]     : Initializing Spring DispatcherServlet 'dispatcherServlet'
2026-04-29T09:38:28.506+01:00  INFO 13472 --- [greeting] [http-nio-8080-exec-1] o.s.web.servlet.DispatcherServlet        : Initializing Servlet 'dispatcherServlet'
2026-04-29T09:38:28.507+01:00  INFO 13472 --- [greeting] [http-nio-8080-exec-1] o.s.web.servlet.DispatcherServlet        : Completed initialization in 1 ms
2026-04-29T09:38:29.417+01:00  WARN 13472 --- [greeting] [http-nio-8080-exec-1] actStandardFragmentInsertionTagProcessor : [THYMELEAF][http-nio-8080-exec-1][update-person] Deprecated unwrapped fragment expression "layout/default-layout::link" found in template update-person, line 8, col 11. Please use the complete syntax of fragment expressions instead ("~{layout/default-layout::link}"). The old, unwrapped syntax for fragment expressions will be removed in future versions of Thymeleaf.
2026-04-29T09:38:29.421+01:00  WARN 13472 --- [greeting] [http-nio-8080-exec-1] actStandardFragmentInsertionTagProcessor : [THYMELEAF][http-nio-8080-exec-1][update-person] Deprecated unwrapped fragment expression "layout/default-layout::body(title='Edit person')" found in template update-person, line 11, col 7. Please use the complete syntax of fragment expressions instead ("~{layout/default-layout::body(title='Edit person')}"). The old, unwrapped syntax for fragment expressions will be removed in future versions of Thymeleaf.
2026-04-29T09:38:29.537+01:00 ERROR 13472 --- [greeting] [http-nio-8080-exec-3] c.f.g.w.exceptions.ExceptionController   : No static resource images/men.jpg.
2026-04-29T09:38:29.540+01:00  WARN 13472 --- [greeting] [http-nio-8080-exec-3] .m.m.a.ExceptionHandlerExceptionResolver : Resolved [org.springframework.web.servlet.resource.NoResourceFoundException: No static resource images/men.jpg.]
2026-04-29T09:38:30.712+01:00 ERROR 13472 --- [greeting] [http-nio-8080-exec-7] c.f.g.w.exceptions.ExceptionController   : No static resource favicon.ico.
2026-04-29T09:38:30.745+01:00  WARN 13472 --- [greeting] [http-nio-8080-exec-7] .m.m.a.ExceptionHandlerExceptionResolver : Resolved [org.springframework.web.servlet.resource.NoResourceFoundException: No static resource favicon.ico.]
2026-04-29T09:38:33.722+01:00  WARN 13472 --- [greeting] [http-nio-8080-exec-9] actStandardFragmentInsertionTagProcessor : [THYMELEAF][http-nio-8080-exec-9][person-list] Deprecated unwrapped fragment expression "layout/default-layout::link" found in template person-list, line 8, col 9. Please use the complete syntax of fragment expressions instead ("~{layout/default-layout::link}"). The old, unwrapped syntax for fragment expressions will be removed in future versions of Thymeleaf.
2026-04-29T09:38:33.724+01:00  WARN 13472 --- [greeting] [http-nio-8080-exec-9] actStandardFragmentInsertionTagProcessor : [THYMELEAF][http-nio-8080-exec-9][person-list] Deprecated unwrapped fragment expression "layout/default-layout::body(title='People List')" found in template person-list, line 16, col 10. Please use the complete syntax of fragment expressions instead ("~{layout/default-layout::body(title='People List')}"). The old, unwrapped syntax for fragment expressions will be removed in future versions of Thymeleaf.
2026-04-29T09:38:33.781+01:00 ERROR 13472 --- [greeting] [http-nio-8080-exec-2] c.f.g.w.exceptions.ExceptionController   : No static resource images/men.jpg.
2026-04-29T09:38:33.782+01:00  WARN 13472 --- [greeting] [http-nio-8080-exec-2] .m.m.a.ExceptionHandlerExceptionResolver : Resolved [org.springframework.web.servlet.resource.NoResourceFoundException: No static resource images/men.jpg.]
2026-04-29T09:38:34.158+01:00 ERROR 13472 --- [greeting] [http-nio-8080-exec-5] c.f.g.w.exceptions.ExceptionController   : No static resource favicon.ico.
2026-04-29T09:38:34.159+01:00  WARN 13472 --- [greeting] [http-nio-8080-exec-5] .m.m.a.ExceptionHandlerExceptionResolver : Resolved [org.springframework.web.servlet.resource.NoResourceFoundException: No static resource favicon.ico.]
2026-04-29T09:38:34.949+01:00  WARN 13472 --- [greeting] [http-nio-8080-exec-6] actStandardFragmentInsertionTagProcessor : [THYMELEAF][http-nio-8080-exec-6][update-person] Deprecated unwrapped fragment expression "layout/default-layout::link" found in template update-person, line 8, col 11. Please use the complete syntax of fragment expressions instead ("~{layout/default-layout::link}"). The old, unwrapped syntax for fragment expressions will be removed in future versions of Thymeleaf.
2026-04-29T09:38:34.955+01:00  WARN 13472 --- [greeting] [http-nio-8080-exec-6] actStandardFragmentInsertionTagProcessor : [THYMELEAF][http-nio-8080-exec-6][update-person] Deprecated unwrapped fragment expression "layout/default-layout::body(title='Edit person')" found in template update-person, line 11, col 7. Please use the complete syntax of fragment expressions instead ("~{layout/default-layout::body(title='Edit person')}"). The old, unwrapped syntax for fragment expressions will be removed in future versions of Thymeleaf.
2026-04-29T09:38:35.240+01:00 ERROR 13472 --- [greeting] [http-nio-8080-exec-4] c.f.g.w.exceptions.ExceptionController   : No static resource favicon.ico.
2026-04-29T09:38:35.240+01:00  WARN 13472 --- [greeting] [http-nio-8080-exec-4] .m.m.a.ExceptionHandlerExceptionResolver : Resolved [org.springframework.web.servlet.resource.NoResourceFoundException: No static resource favicon.ico.]
2026-04-29T09:46:38.461+01:00  INFO 13472 --- [greeting] [File Watcher] rtingClassPathChangeChangedEventListener : Restarting due to 1 class path change (0 additions, 0 deletions, 1 modification)
2026-04-29T09:46:38.463+01:00  INFO 13472 --- [greeting] [Thread-30] o.s.b.w.e.tomcat.GracefulShutdown        : Commencing graceful shutdown. Waiting for active requests to complete
2026-04-29T09:46:38.965+01:00  INFO 13472 --- [greeting] [tomcat-shutdown] o.s.b.w.e.tomcat.GracefulShutdown        : Graceful shutdown complete
2026-04-29T09:46:38.970+01:00  INFO 13472 --- [greeting] [Thread-30] j.LocalContainerEntityManagerFactoryBean : Closing JPA EntityManagerFactory for persistence unit 'default'
2026-04-29T09:46:38.976+01:00  INFO 13472 --- [greeting] [Thread-30] com.zaxxer.hikari.HikariDataSource       : HikariPool-8 - Shutdown initiated...
2026-04-29T09:46:38.983+01:00  INFO 13472 --- [greeting] [Thread-30] com.zaxxer.hikari.HikariDataSource       : HikariPool-8 - Shutdown completed.
2026-04-29T09:46:39.301+01:00  INFO 13472 --- [greeting] [restartedMain] com.fsb.greeting.GreetingApplication     : Starting GreetingApplication using Java 17.0.10 with PID 13472 (E:\FSB\Mes matières\s2\Spring Boot GLSI2\2025-2026\ws-2026\greeting\target\classes started by adem in E:\FSB\Mes matières\s2\Spring Boot GLSI2\2025-2026\ws-2026\greeting)
2026-04-29T09:46:39.305+01:00  INFO 13472 --- [greeting] [restartedMain] com.fsb.greeting.GreetingApplication     : No active profile set, falling back to 1 default profile: "default"
2026-04-29T09:46:39.583+01:00  INFO 13472 --- [greeting] [restartedMain] .s.d.r.c.RepositoryConfigurationDelegate : Bootstrapping Spring Data JPA repositories in DEFAULT mode.
2026-04-29T09:46:39.608+01:00  INFO 13472 --- [greeting] [restartedMain] .s.d.r.c.RepositoryConfigurationDelegate : Finished Spring Data repository scanning in 20 ms. Found 1 JPA repository interface.
2026-04-29T09:46:39.709+01:00  INFO 13472 --- [greeting] [restartedMain] o.s.b.w.embedded.tomcat.TomcatWebServer  : Tomcat initialized with port 8080 (http)
2026-04-29T09:46:39.710+01:00  INFO 13472 --- [greeting] [restartedMain] o.apache.catalina.core.StandardService   : Starting service [Tomcat]
2026-04-29T09:46:39.714+01:00  INFO 13472 --- [greeting] [restartedMain] o.apache.catalina.core.StandardEngine    : Starting Servlet engine: [Apache Tomcat/10.1.50]
2026-04-29T09:46:39.750+01:00  INFO 13472 --- [greeting] [restartedMain] o.a.c.c.C.[Tomcat-1].[localhost].[/]     : Initializing Spring embedded WebApplicationContext
2026-04-29T09:46:39.755+01:00  INFO 13472 --- [greeting] [restartedMain] w.s.c.ServletWebServerApplicationContext : Root WebApplicationContext: initialization completed in 447 ms
2026-04-29T09:46:39.794+01:00  INFO 13472 --- [greeting] [restartedMain] o.hibernate.jpa.internal.util.LogHelper  : HHH000204: Processing PersistenceUnitInfo [name: default]
2026-04-29T09:46:39.797+01:00  INFO 13472 --- [greeting] [restartedMain] o.h.c.internal.RegionFactoryInitiator    : HHH000026: Second-level cache disabled
2026-04-29T09:46:39.807+01:00  INFO 13472 --- [greeting] [restartedMain] o.s.o.j.p.SpringPersistenceUnitInfo      : No LoadTimeWeaver setup: ignoring JPA class transformer
2026-04-29T09:46:39.809+01:00  INFO 13472 --- [greeting] [restartedMain] com.zaxxer.hikari.HikariDataSource       : HikariPool-9 - Starting...
2026-04-29T09:46:39.842+01:00  INFO 13472 --- [greeting] [restartedMain] com.zaxxer.hikari.pool.HikariPool        : HikariPool-9 - Added connection com.mysql.cj.jdbc.ConnectionImpl@16897607
2026-04-29T09:46:39.843+01:00  INFO 13472 --- [greeting] [restartedMain] com.zaxxer.hikari.HikariDataSource       : HikariPool-9 - Start completed.
2026-04-29T09:46:39.846+01:00  INFO 13472 --- [greeting] [restartedMain] org.hibernate.orm.connections.pooling    : HHH10001005: Database info:
	Database JDBC URL [Connecting through datasource 'HikariDataSource (HikariPool-9)']
	Database driver: undefined/unknown
	Database version: 8.0.33
	Autocommit mode: undefined/unknown
	Isolation level: undefined/unknown
	Minimum pool size: undefined/unknown
	Maximum pool size: undefined/unknown
2026-04-29T09:46:39.919+01:00  INFO 13472 --- [greeting] [restartedMain] o.h.e.t.j.p.i.JtaPlatformInitiator       : HHH000489: No JTA platform available (set 'hibernate.transaction.jta.platform' to enable JTA platform integration)
2026-04-29T09:46:39.938+01:00  INFO 13472 --- [greeting] [restartedMain] j.LocalContainerEntityManagerFactoryBean : Initialized JPA EntityManagerFactory for persistence unit 'default'
2026-04-29T09:46:40.179+01:00  WARN 13472 --- [greeting] [restartedMain] JpaBaseConfiguration$JpaWebConfiguration : spring.jpa.open-in-view is enabled by default. Therefore, database queries may be performed during view rendering. Explicitly configure spring.jpa.open-in-view to disable this warning
2026-04-29T09:46:40.849+01:00  INFO 13472 --- [greeting] [restartedMain] o.s.b.d.a.OptionalLiveReloadServer       : LiveReload server is running on port 35729
2026-04-29T09:46:40.863+01:00  INFO 13472 --- [greeting] [restartedMain] o.s.b.w.embedded.tomcat.TomcatWebServer  : Tomcat started on port 8080 (http) with context path '/'
2026-04-29T09:46:40.867+01:00  INFO 13472 --- [greeting] [restartedMain] com.fsb.greeting.GreetingApplication     : Started GreetingApplication in 1.648 seconds (process running for 1993.7)
2026-04-29T09:46:40.868+01:00  INFO 13472 --- [greeting] [restartedMain] .ConditionEvaluationDeltaLoggingListener : Condition evaluation unchanged
2026-04-29T09:46:41.203+01:00  INFO 13472 --- [greeting] [http-nio-8080-exec-1] o.a.c.c.C.[Tomcat-1].[localhost].[/]     : Initializing Spring DispatcherServlet 'dispatcherServlet'
2026-04-29T09:46:41.204+01:00  INFO 13472 --- [greeting] [http-nio-8080-exec-1] o.s.web.servlet.DispatcherServlet        : Initializing Servlet 'dispatcherServlet'
2026-04-29T09:46:41.207+01:00  INFO 13472 --- [greeting] [http-nio-8080-exec-1] o.s.web.servlet.DispatcherServlet        : Completed initialization in 3 ms
2026-04-29T09:46:41.245+01:00  WARN 13472 --- [greeting] [http-nio-8080-exec-1] actStandardFragmentInsertionTagProcessor : [THYMELEAF][http-nio-8080-exec-1][person-list] Deprecated unwrapped fragment expression "layout/default-layout::link" found in template person-list, line 8, col 9. Please use the complete syntax of fragment expressions instead ("~{layout/default-layout::link}"). The old, unwrapped syntax for fragment expressions will be removed in future versions of Thymeleaf.
2026-04-29T09:46:41.247+01:00  WARN 13472 --- [greeting] [http-nio-8080-exec-1] actStandardFragmentInsertionTagProcessor : [THYMELEAF][http-nio-8080-exec-1][person-list] Deprecated unwrapped fragment expression "layout/default-layout::body(title='People List')" found in template person-list, line 16, col 10. Please use the complete syntax of fragment expressions instead ("~{layout/default-layout::body(title='People List')}"). The old, unwrapped syntax for fragment expressions will be removed in future versions of Thymeleaf.
2026-04-29T09:46:41.331+01:00 ERROR 13472 --- [greeting] [http-nio-8080-exec-4] c.f.g.w.exceptions.ExceptionController   : No static resource images/men.jpg.
2026-04-29T09:46:41.333+01:00  WARN 13472 --- [greeting] [http-nio-8080-exec-4] .m.m.a.ExceptionHandlerExceptionResolver : Resolved [org.springframework.web.servlet.resource.NoResourceFoundException: No static resource images/men.jpg.]
2026-04-29T09:46:42.601+01:00 ERROR 13472 --- [greeting] [http-nio-8080-exec-10] c.f.g.w.exceptions.ExceptionController   : No static resource favicon.ico.
2026-04-29T09:46:42.605+01:00  WARN 13472 --- [greeting] [http-nio-8080-exec-10] .m.m.a.ExceptionHandlerExceptionResolver : Resolved [org.springframework.web.servlet.resource.NoResourceFoundException: No static resource favicon.ico.]
2026-04-29T09:46:48.247+01:00  WARN 13472 --- [greeting] [http-nio-8080-exec-2] actStandardFragmentInsertionTagProcessor : [THYMELEAF][http-nio-8080-exec-2][person-list] Deprecated unwrapped fragment expression "layout/default-layout::link" found in template person-list, line 8, col 9. Please use the complete syntax of fragment expressions instead ("~{layout/default-layout::link}"). The old, unwrapped syntax for fragment expressions will be removed in future versions of Thymeleaf.
2026-04-29T09:46:48.249+01:00  WARN 13472 --- [greeting] [http-nio-8080-exec-2] actStandardFragmentInsertionTagProcessor : [THYMELEAF][http-nio-8080-exec-2][person-list] Deprecated unwrapped fragment expression "layout/default-layout::body(title='People List')" found in template person-list, line 16, col 10. Please use the complete syntax of fragment expressions instead ("~{layout/default-layout::body(title='People List')}"). The old, unwrapped syntax for fragment expressions will be removed in future versions of Thymeleaf.
2026-04-29T09:46:48.560+01:00 ERROR 13472 --- [greeting] [http-nio-8080-exec-9] c.f.g.w.exceptions.ExceptionController   : No static resource favicon.ico.
2026-04-29T09:46:48.560+01:00  WARN 13472 --- [greeting] [http-nio-8080-exec-9] .m.m.a.ExceptionHandlerExceptionResolver : Resolved [org.springframework.web.servlet.resource.NoResourceFoundException: No static resource favicon.ico.]
2026-04-29T09:46:50.895+01:00  WARN 13472 --- [greeting] [http-nio-8080-exec-10] actStandardFragmentInsertionTagProcessor : [THYMELEAF][http-nio-8080-exec-10][update-person] Deprecated unwrapped fragment expression "layout/default-layout::link" found in template update-person, line 8, col 11. Please use the complete syntax of fragment expressions instead ("~{layout/default-layout::link}"). The old, unwrapped syntax for fragment expressions will be removed in future versions of Thymeleaf.
2026-04-29T09:46:50.897+01:00  WARN 13472 --- [greeting] [http-nio-8080-exec-10] actStandardFragmentInsertionTagProcessor : [THYMELEAF][http-nio-8080-exec-10][update-person] Deprecated unwrapped fragment expression "layout/default-layout::body(title='Edit person')" found in template update-person, line 11, col 7. Please use the complete syntax of fragment expressions instead ("~{layout/default-layout::body(title='Edit person')}"). The old, unwrapped syntax for fragment expressions will be removed in future versions of Thymeleaf.
2026-04-29T09:46:51.198+01:00 ERROR 13472 --- [greeting] [http-nio-8080-exec-7] c.f.g.w.exceptions.ExceptionController   : No static resource favicon.ico.
2026-04-29T09:46:51.198+01:00  WARN 13472 --- [greeting] [http-nio-8080-exec-7] .m.m.a.ExceptionHandlerExceptionResolver : Resolved [org.springframework.web.servlet.resource.NoResourceFoundException: No static resource favicon.ico.]
2026-04-29T09:46:54.468+01:00  WARN 13472 --- [greeting] [http-nio-8080-exec-9] actStandardFragmentInsertionTagProcessor : [THYMELEAF][http-nio-8080-exec-9][person-list] Deprecated unwrapped fragment expression "layout/default-layout::link" found in template person-list, line 8, col 9. Please use the complete syntax of fragment expressions instead ("~{layout/default-layout::link}"). The old, unwrapped syntax for fragment expressions will be removed in future versions of Thymeleaf.
2026-04-29T09:46:54.475+01:00  WARN 13472 --- [greeting] [http-nio-8080-exec-9] actStandardFragmentInsertionTagProcessor : [THYMELEAF][http-nio-8080-exec-9][person-list] Deprecated unwrapped fragment expression "layout/default-layout::body(title='People List')" found in template person-list, line 16, col 10. Please use the complete syntax of fragment expressions instead ("~{layout/default-layout::body(title='People List')}"). The old, unwrapped syntax for fragment expressions will be removed in future versions of Thymeleaf.
2026-04-29T09:46:54.775+01:00 ERROR 13472 --- [greeting] [http-nio-8080-exec-6] c.f.g.w.exceptions.ExceptionController   : No static resource favicon.ico.
2026-04-29T09:46:54.775+01:00  WARN 13472 --- [greeting] [http-nio-8080-exec-6] .m.m.a.ExceptionHandlerExceptionResolver : Resolved [org.springframework.web.servlet.resource.NoResourceFoundException: No static resource favicon.ico.]
2026-04-29T09:48:54.845+01:00  INFO 13472 --- [greeting] [File Watcher] rtingClassPathChangeChangedEventListener : Restarting due to 1 class path change (0 additions, 0 deletions, 1 modification)
2026-04-29T09:48:54.847+01:00  INFO 13472 --- [greeting] [Thread-34] o.s.b.w.e.tomcat.GracefulShutdown        : Commencing graceful shutdown. Waiting for active requests to complete
2026-04-29T09:48:55.152+01:00  INFO 13472 --- [greeting] [tomcat-shutdown] o.s.b.w.e.tomcat.GracefulShutdown        : Graceful shutdown complete
2026-04-29T09:48:55.154+01:00  INFO 13472 --- [greeting] [Thread-34] j.LocalContainerEntityManagerFactoryBean : Closing JPA EntityManagerFactory for persistence unit 'default'
2026-04-29T09:48:55.155+01:00  INFO 13472 --- [greeting] [Thread-34] com.zaxxer.hikari.HikariDataSource       : HikariPool-9 - Shutdown initiated...
2026-04-29T09:48:55.159+01:00  INFO 13472 --- [greeting] [Thread-34] com.zaxxer.hikari.HikariDataSource       : HikariPool-9 - Shutdown completed.
2026-04-29T09:48:55.291+01:00  INFO 13472 --- [greeting] [restartedMain] com.fsb.greeting.GreetingApplication     : Starting GreetingApplication using Java 17.0.10 with PID 13472 (E:\FSB\Mes matières\s2\Spring Boot GLSI2\2025-2026\ws-2026\greeting\target\classes started by adem in E:\FSB\Mes matières\s2\Spring Boot GLSI2\2025-2026\ws-2026\greeting)
2026-04-29T09:48:55.292+01:00  INFO 13472 --- [greeting] [restartedMain] com.fsb.greeting.GreetingApplication     : No active profile set, falling back to 1 default profile: "default"
2026-04-29T09:48:55.439+01:00  INFO 13472 --- [greeting] [restartedMain] .s.d.r.c.RepositoryConfigurationDelegate : Bootstrapping Spring Data JPA repositories in DEFAULT mode.
2026-04-29T09:48:55.454+01:00  INFO 13472 --- [greeting] [restartedMain] .s.d.r.c.RepositoryConfigurationDelegate : Finished Spring Data repository scanning in 13 ms. Found 1 JPA repository interface.
2026-04-29T09:48:55.545+01:00  INFO 13472 --- [greeting] [restartedMain] o.s.b.w.embedded.tomcat.TomcatWebServer  : Tomcat initialized with port 8080 (http)
2026-04-29T09:48:55.545+01:00  INFO 13472 --- [greeting] [restartedMain] o.apache.catalina.core.StandardService   : Starting service [Tomcat]
2026-04-29T09:48:55.546+01:00  INFO 13472 --- [greeting] [restartedMain] o.apache.catalina.core.StandardEngine    : Starting Servlet engine: [Apache Tomcat/10.1.50]
2026-04-29T09:48:55.572+01:00  INFO 13472 --- [greeting] [restartedMain] o.a.c.c.C.[Tomcat-1].[localhost].[/]     : Initializing Spring embedded WebApplicationContext
2026-04-29T09:48:55.572+01:00  INFO 13472 --- [greeting] [restartedMain] w.s.c.ServletWebServerApplicationContext : Root WebApplicationContext: initialization completed in 279 ms
2026-04-29T09:48:55.608+01:00  INFO 13472 --- [greeting] [restartedMain] o.hibernate.jpa.internal.util.LogHelper  : HHH000204: Processing PersistenceUnitInfo [name: default]
2026-04-29T09:48:55.610+01:00  INFO 13472 --- [greeting] [restartedMain] o.h.c.internal.RegionFactoryInitiator    : HHH000026: Second-level cache disabled
2026-04-29T09:48:55.623+01:00  INFO 13472 --- [greeting] [restartedMain] o.s.o.j.p.SpringPersistenceUnitInfo      : No LoadTimeWeaver setup: ignoring JPA class transformer
2026-04-29T09:48:55.624+01:00  INFO 13472 --- [greeting] [restartedMain] com.zaxxer.hikari.HikariDataSource       : HikariPool-10 - Starting...
2026-04-29T09:48:55.638+01:00  INFO 13472 --- [greeting] [restartedMain] com.zaxxer.hikari.pool.HikariPool        : HikariPool-10 - Added connection com.mysql.cj.jdbc.ConnectionImpl@4dc7a8c2
2026-04-29T09:48:55.640+01:00  INFO 13472 --- [greeting] [restartedMain] com.zaxxer.hikari.HikariDataSource       : HikariPool-10 - Start completed.
2026-04-29T09:48:55.642+01:00  INFO 13472 --- [greeting] [restartedMain] org.hibernate.orm.connections.pooling    : HHH10001005: Database info:
	Database JDBC URL [Connecting through datasource 'HikariDataSource (HikariPool-10)']
	Database driver: undefined/unknown
	Database version: 8.0.33
	Autocommit mode: undefined/unknown
	Isolation level: undefined/unknown
	Minimum pool size: undefined/unknown
	Maximum pool size: undefined/unknown
2026-04-29T09:48:55.689+01:00  INFO 13472 --- [greeting] [restartedMain] o.h.e.t.j.p.i.JtaPlatformInitiator       : HHH000489: No JTA platform available (set 'hibernate.transaction.jta.platform' to enable JTA platform integration)
2026-04-29T09:48:55.743+01:00  INFO 13472 --- [greeting] [restartedMain] j.LocalContainerEntityManagerFactoryBean : Initialized JPA EntityManagerFactory for persistence unit 'default'
2026-04-29T09:48:55.811+01:00  WARN 13472 --- [greeting] [restartedMain] JpaBaseConfiguration$JpaWebConfiguration : spring.jpa.open-in-view is enabled by default. Therefore, database queries may be performed during view rendering. Explicitly configure spring.jpa.open-in-view to disable this warning
2026-04-29T09:48:56.218+01:00  INFO 13472 --- [greeting] [restartedMain] o.s.b.d.a.OptionalLiveReloadServer       : LiveReload server is running on port 35729
2026-04-29T09:48:56.225+01:00  INFO 13472 --- [greeting] [restartedMain] o.s.b.w.embedded.tomcat.TomcatWebServer  : Tomcat started on port 8080 (http) with context path '/'
2026-04-29T09:48:56.230+01:00  INFO 13472 --- [greeting] [restartedMain] com.fsb.greeting.GreetingApplication     : Started GreetingApplication in 0.963 seconds (process running for 2129.064)
2026-04-29T09:48:56.232+01:00  INFO 13472 --- [greeting] [restartedMain] .ConditionEvaluationDeltaLoggingListener : Condition evaluation unchanged
